Archive member included to satisfy reference by file (symbol)

C:/ST/STM32CubeIDE_2.1.0/STM32CubeIDE/plugins/com.st.stm32cube.ide.mcu.externaltools.gnu-tools-for-stm32.14.3.rel1.win32_1.0.100.202602081740/tools/bin/../lib/gcc/arm-none-eabi/14.3.1/../../../../arm-none-eabi/lib/thumb/v7e-m+fp/hard\libc_nano.a(libc_a-exit.o)
                              C:/ST/STM32CubeIDE_2.1.0/STM32CubeIDE/plugins/com.st.stm32cube.ide.mcu.externaltools.gnu-tools-for-stm32.14.3.rel1.win32_1.0.100.202602081740/tools/bin/../lib/gcc/arm-none-eabi/14.3.1/../../../../arm-none-eabi/lib/thumb/v7e-m+fp/hard/crt0.o (exit)
C:/ST/STM32CubeIDE_2.1.0/STM32CubeIDE/plugins/com.st.stm32cube.ide.mcu.externaltools.gnu-tools-for-stm32.14.3.rel1.win32_1.0.100.202602081740/tools/bin/../lib/gcc/arm-none-eabi/14.3.1/../../../../arm-none-eabi/lib/thumb/v7e-m+fp/hard\libc_nano.a(libc_a-findfp.o)
                              C:/ST/STM32CubeIDE_2.1.0/STM32CubeIDE/plugins/com.st.stm32cube.ide.mcu.externaltools.gnu-tools-for-stm32.14.3.rel1.win32_1.0.100.202602081740/tools/bin/../lib/gcc/arm-none-eabi/14.3.1/../../../../arm-none-eabi/lib/thumb/v7e-m+fp/hard\libc_nano.a(libc_a-exit.o) (__stdio_exit_handler)
C:/ST/STM32CubeIDE_2.1.0/STM32CubeIDE/plugins/com.st.stm32cube.ide.mcu.externaltools.gnu-tools-for-stm32.14.3.rel1.win32_1.0.100.202602081740/tools/bin/../lib/gcc/arm-none-eabi/14.3.1/../../../../arm-none-eabi/lib/thumb/v7e-m+fp/hard\libc_nano.a(libc_a-fwalk.o)
                              C:/ST/STM32CubeIDE_2.1.0/STM32CubeIDE/plugins/com.st.stm32cube.ide.mcu.externaltools.gnu-tools-for-stm32.14.3.rel1.win32_1.0.100.202602081740/tools/bin/../lib/gcc/arm-none-eabi/14.3.1/../../../../arm-none-eabi/lib/thumb/v7e-m+fp/hard\libc_nano.a(libc_a-findfp.o) (_fwalk_sglue)
C:/ST/STM32CubeIDE_2.1.0/STM32CubeIDE/plugins/com.st.stm32cube.ide.mcu.externaltools.gnu-tools-for-stm32.14.3.rel1.win32_1.0.100.202602081740/tools/bin/../lib/gcc/arm-none-eabi/14.3.1/../../../../arm-none-eabi/lib/thumb/v7e-m+fp/hard\libc_nano.a(libc_a-stdio.o)
                              C:/ST/STM32CubeIDE_2.1.0/STM32CubeIDE/plugins/com.st.stm32cube.ide.mcu.externaltools.gnu-tools-for-stm32.14.3.rel1.win32_1.0.100.202602081740/tools/bin/../lib/gcc/arm-none-eabi/14.3.1/../../../../arm-none-eabi/lib/thumb/v7e-m+fp/hard\libc_nano.a(libc_a-findfp.o) (__sread)
C:/ST/STM32CubeIDE_2.1.0/STM32CubeIDE/plugins/com.st.stm32cube.ide.mcu.externaltools.gnu-tools-for-stm32.14.3.rel1.win32_1.0.100.202602081740/tools/bin/../lib/gcc/arm-none-eabi/14.3.1/../../../../arm-none-eabi/lib/thumb/v7e-m+fp/hard\libc_nano.a(libc_a-memset.o)
                              C:/ST/STM32CubeIDE_2.1.0/STM32CubeIDE/plugins/com.st.stm32cube.ide.mcu.externaltools.gnu-tools-for-stm32.14.3.rel1.win32_1.0.100.202602081740/tools/bin/../lib/gcc/arm-none-eabi/14.3.1/../../../../arm-none-eabi/lib/thumb/v7e-m+fp/hard/crt0.o (memset)
C:/ST/STM32CubeIDE_2.1.0/STM32CubeIDE/plugins/com.st.stm32cube.ide.mcu.externaltools.gnu-tools-for-stm32.14.3.rel1.win32_1.0.100.202602081740/tools/bin/../lib/gcc/arm-none-eabi/14.3.1/../../../../arm-none-eabi/lib/thumb/v7e-m+fp/hard\libc_nano.a(libc_a-closer.o)
                              C:/ST/STM32CubeIDE_2.1.0/STM32CubeIDE/plugins/com.st.stm32cube.ide.mcu.externaltools.gnu-tools-for-stm32.14.3.rel1.win32_1.0.100.202602081740/tools/bin/../lib/gcc/arm-none-eabi/14.3.1/../../../../arm-none-eabi/lib/thumb/v7e-m+fp/hard\libc_nano.a(libc_a-stdio.o) (_close_r)
C:/ST/STM32CubeIDE_2.1.0/STM32CubeIDE/plugins/com.st.stm32cube.ide.mcu.externaltools.gnu-tools-for-stm32.14.3.rel1.win32_1.0.100.202602081740/tools/bin/../lib/gcc/arm-none-eabi/14.3.1/../../../../arm-none-eabi/lib/thumb/v7e-m+fp/hard\libc_nano.a(libc_a-reent.o)
                              C:/ST/STM32CubeIDE_2.1.0/STM32CubeIDE/plugins/com.st.stm32cube.ide.mcu.externaltools.gnu-tools-for-stm32.14.3.rel1.win32_1.0.100.202602081740/tools/bin/../lib/gcc/arm-none-eabi/14.3.1/../../../../arm-none-eabi/lib/thumb/v7e-m+fp/hard\libc_nano.a(libc_a-closer.o) (errno)
C:/ST/STM32CubeIDE_2.1.0/STM32CubeIDE/plugins/com.st.stm32cube.ide.mcu.externaltools.gnu-tools-for-stm32.14.3.rel1.win32_1.0.100.202602081740/tools/bin/../lib/gcc/arm-none-eabi/14.3.1/../../../../arm-none-eabi/lib/thumb/v7e-m+fp/hard\libc_nano.a(libc_a-impure.o)
                              C:/ST/STM32CubeIDE_2.1.0/STM32CubeIDE/plugins/com.st.stm32cube.ide.mcu.externaltools.gnu-tools-for-stm32.14.3.rel1.win32_1.0.100.202602081740/tools/bin/../lib/gcc/arm-none-eabi/14.3.1/../../../../arm-none-eabi/lib/thumb/v7e-m+fp/hard\libc_nano.a(libc_a-reent.o) (_impure_ptr)
C:/ST/STM32CubeIDE_2.1.0/STM32CubeIDE/plugins/com.st.stm32cube.ide.mcu.externaltools.gnu-tools-for-stm32.14.3.rel1.win32_1.0.100.202602081740/tools/bin/../lib/gcc/arm-none-eabi/14.3.1/../../../../arm-none-eabi/lib/thumb/v7e-m+fp/hard\libc_nano.a(libc_a-lseekr.o)
[...]
Memory Configuration

Name             Origin             Length             Attributes
CCMRAM           0x10000000         0x00010000         xrw
RAM              0x20000000         0x00020000         xrw
FLASH            0x08000000         0x00100000         xr
*default*        0x00000000         0xffffffff

Linker script and memory map

LOAD C:/ST/STM32CubeIDE_2.1.0/STM32CubeIDE/plugins/com.st.stm32cube.ide.mcu.externaltools.gnu-tools-for-stm32.14.3.rel1.win32_1.0.100.202602081740/tools/bin/../lib/gcc/arm-none-eabi/14.3.1/thumb/v7e-m+fp/hard/crti.o
LOAD C:/ST/STM32CubeIDE_2.1.0/STM32CubeIDE/plugins/com.st.stm32cube.ide.mcu.externaltools.gnu-tools-for-stm32.14.3.rel1.win32_1.0.100.202602081740/tools/bin/../lib/gcc/arm-none-eabi/14.3.1/thumb/v7e-m+fp/hard/crtbegin.o
LOAD C:/ST/STM32CubeIDE_2.1.0/STM32CubeIDE/plugins/com.st.stm32cube.ide.mcu.externaltools.gnu-tools-for-stm32.14.3.rel1.win32_1.0.100.202602081740/tools/bin/../lib/gcc/arm-none-eabi/14.3.1/../../../../arm-none-eabi/lib/thumb/v7e-m+fp/hard/crt0.o
LOAD ./Core/Src/main.o
LOAD ./Core/Src/syscalls.o
LOAD ./Core/Src/sysmem.o
LOAD ./Core/Src/system_stm32f4xx.o
LOAD ./Middleware/ThirdParty/FreeRTOS/Source/croutine.o
LOAD ./Middleware/ThirdParty/FreeRTOS/Source/event_groups.o
LOAD ./Middleware/ThirdParty/FreeRTOS/Source/list.o
LOAD ./Middleware/ThirdParty/FreeRTOS/Source/queue.o
LOAD ./Middleware/ThirdParty/FreeRTOS/Source/stream_buffer.o
LOAD ./Middleware/ThirdParty/FreeRTOS/Source/tasks.o
LOAD ./Middleware/ThirdParty/FreeRTOS/Source/timers.o
LOAD ./Middleware/ThirdParty/FreeRTOS/Source/portable/GCC/ARM_CM4F/port.o
LOAD ./Middleware/ThirdParty/FreeRTOS/Source/portable/MemMang/heap_4.o
LOAD ./Peripherals/Src/flash.o
LOAD ./Peripherals/Src/rcc.o
LOAD ./Startup/startup_stm32f407igtx.o
START GROUP
LOAD C:/ST/STM32CubeIDE_2.1.0/STM32CubeIDE/plugins/com.st.stm32cube.ide.mcu.externaltools.gnu-tools-for-stm32.14.3.rel1.win32_1.0.100.202602081740/tools/bin/../lib/gcc/arm-none-eabi/14.3.1/../../../../arm-none-eabi/lib/thumb/v7e-m+fp/hard\libc_nano.a
LOAD C:/ST/STM32CubeIDE_2.1.0/STM32CubeIDE/plugins/com.st.stm32cube.ide.mcu.externaltools.gnu-tools-for-stm32.14.3.rel1.win32_1.0.100.202602081740/tools/bin/../lib/gcc/arm-none-eabi/14.3.1/../../../../arm-none-eabi/lib/thumb/v7e-m+fp/hard\libm.a
END GROUP
START GROUP
LOAD C:/ST/STM32CubeIDE_2.1.0/STM32CubeIDE/plugins/com.st.stm32cube.ide.mcu.externaltools.gnu-tools-for-stm32.14.3.rel1.win32_1.0.100.202602081740/tools/bin/../lib/gcc/arm-none-eabi/14.3.1/thumb/v7e-m+fp/hard\libgcc.a
LOAD C:/ST/STM32CubeIDE_2.1.0/STM32CubeIDE/plugins/com.st.stm32cube.ide.mcu.externaltools.gnu-tools-for-stm32.14.3.rel1.win32_1.0.100.202602081740/tools/bin/../lib/gcc/arm-none-eabi/14.3.1/../../../../arm-none-eabi/lib/thumb/v7e-m+fp/hard\libc_nano.a
END GROUP
START GROUP
LOAD C:/ST/STM32CubeIDE_2.1.0/STM32CubeIDE/plugins/com.st.stm32cube.ide.mcu.externaltools.gnu-tools-for-stm32.14.3.rel1.win32_1.0.100.202602081740/tools/bin/../lib/gcc/arm-none-eabi/14.3.1/thumb/v7e-m+fp/hard\libgcc.a
LOAD C:/ST/STM32CubeIDE_2.1.0/STM32CubeIDE/plugins/com.st.stm32cube.ide.mcu.externaltools.gnu-tools-for-stm32.14.3.rel1.win32_1.0.100.202602081740/tools/bin/../lib/gcc/arm-none-eabi/14.3.1/../../../../arm-none-eabi/lib/thumb/v7e-m+fp/hard\libc_nano.a
LOAD C:/ST/STM32CubeIDE_2.1.0/STM32CubeIDE/plugins/com.st.stm32cube.ide.mcu.externaltools.gnu-tools-for-stm32.14.3.rel1.win32_1.0.100.202602081740/tools/bin/../lib/gcc/arm-none-eabi/14.3.1/../../../../arm-none-eabi/lib/thumb/v7e-m+fp/hard\libnosys.a
END GROUP
START GROUP
LOAD C:/ST/STM32CubeIDE_2.1.0/STM32CubeIDE/plugins/com.st.stm32cube.ide.mcu.externaltools.gnu-tools-for-stm32.14.3.rel1.win32_1.0.100.202602081740/tools/bin/../lib/gcc/arm-none-eabi/14.3.1/thumb/v7e-m+fp/hard\libgcc.a
LOAD C:/ST/STM32CubeIDE_2.1.0/STM32CubeIDE/plugins/com.st.stm32cube.ide.mcu.externaltools.gnu-tools-for-stm32.14.3.rel1.win32_1.0.100.202602081740/tools/bin/../lib/gcc/arm-none-eabi/14.3.1/../../../../arm-none-eabi/lib/thumb/v7e-m+fp/hard\libc_nano.a
LOAD C:/ST/STM32CubeIDE_2.1.0/STM32CubeIDE/plugins/com.st.stm32cube.ide.mcu.externaltools.gnu-tools-for-stm32.14.3.rel1.win32_1.0.100.202602081740/tools/bin/../lib/gcc/arm-none-eabi/14.3.1/../../../../arm-none-eabi/lib/thumb/v7e-m+fp/hard\libnosys.a
END GROUP
LOAD C:/ST/STM32CubeIDE_2.1.0/STM32CubeIDE/plugins/com.st.stm32cube.ide.mcu.externaltools.gnu-tools-for-stm32.14.3.rel1.win32_1.0.100.202602081740/tools/bin/../lib/gcc/arm-none-eabi/14.3.1/thumb/v7e-m+fp/hard/crtend.o
LOAD C:/ST/STM32CubeIDE_2.1.0/STM32CubeIDE/plugins/com.st.stm32cube.ide.mcu.externaltools.gnu-tools-for-stm32.14.3.rel1.win32_1.0.100.202602081740/tools/bin/../lib/gcc/arm-none-eabi/14.3.1/thumb/v7e-m+fp/hard/crtn.o
                0x20020000                        _estack = (ORIGIN (RAM) + LENGTH (RAM))
                0x00000200                        _Min_Heap_Size = 0x200
                0x00000400                        _Min_Stack_Size = 0x400

.isr_vector     0x08000000      0x188
                0x08000000                        . = ALIGN (0x4)
 *(.isr_vector)
 .isr_vector    0x08000000      0x188 ./Startup/startup_stm32f407igtx.o
                0x08000000                g_pfnVectors
                0x08000188                        . = ALIGN (0x4)

.text           0x08000190     0x1988
                0x08000190                        . = ALIGN (0x4)
 *(.text)
 .text          0x08000190       0x40 C:/ST/STM32CubeIDE_2.1.0/STM32CubeIDE/plugins/com.st.stm32cube.ide.mcu.externaltools.gnu-tools-for-stm32.14.3.rel1.win32_1.0.100.202602081740/tools/bin/../lib/gcc/arm-none-eabi/14.3.1/thumb/v7e-m+fp/hard/crtbegin.o
 *(.text*)
 .text.main     0x080001d0       0x14 ./Core/Src/main.o
                0x080001d0                main
 .text.startup_task
                0x080001e4       0x16 ./Core/Src/main.o
 *fill*         0x080001fa        0x2 
 .text.startup  0x080001fc       0x4c ./Core/Src/main.o
 .text.SystemInit
                0x08000248       0x6c ./Core/Src/system_stm32f4xx.o
                0x08000248                SystemInit
 .text.SystemCoreClockUpdate
                0x080002b4      0x100 ./Core/Src/system_stm32f4xx.o
                0x080002b4                SystemCoreClockUpdate
 .text.vListInitialise
                0x080003b4       0x40 ./Middleware/ThirdParty/FreeRTOS/Source/list.o
                0x080003b4                vListInitialise
 .text.vListInitialiseItem
                0x080003f4       0x1a ./Middleware/ThirdParty/FreeRTOS/Source/list.o
                0x080003f4                vListInitialiseItem
 .text.vListInsertEnd
                0x0800040e       0x48 ./Middleware/ThirdParty/FreeRTOS/Source/list.o
                0x0800040e                vListInsertEnd
 .text.uxListRemove
                0x08000456       0x54 ./Middleware/ThirdParty/FreeRTOS/Source/list.o
                0x08000456                uxListRemove
 .text.prvCreateTask
                0x080004aa       0x78 ./Middleware/ThirdParty/FreeRTOS/Source/tasks.o
 .text.xTaskCreate
                0x08000522       0x46 ./Middleware/ThirdParty/FreeRTOS/Source/tasks.o
                0x08000522                xTaskCreate
 .text.prvInitialiseNewTask
                0x08000568      0x126 ./Middleware/ThirdParty/FreeRTOS/Source/tasks.o
 *fill*         0x0800068e        0x2 
 .text.prvAddNewTaskToReadyList
                0x08000690      0x130 ./Middleware/ThirdParty/FreeRTOS/Source/tasks.o
 .text.vTaskDelete
                0x080007c0      0x144 ./Middleware/ThirdParty/FreeRTOS/Source/tasks.o
                0x080007c0                vTaskDelete
 .text.prvCreateIdleTasks
                0x08000904       0x94 ./Middleware/ThirdParty/FreeRTOS/Source/tasks.o
 .text.vTaskStartScheduler
                0x08000998       0x7c ./Middleware/ThirdParty/FreeRTOS/Source/tasks.o
                0x08000998                vTaskStartScheduler
 .text.vTaskSuspendAll
                0x08000a14       0x1c ./Middleware/ThirdParty/FreeRTOS/Source/tasks.o
                0x08000a14                vTaskSuspendAll
 .text.xTaskResumeAll
                0x08000a30      0x210 ./Middleware/ThirdParty/FreeRTOS/Source/tasks.o
                0x08000a30                xTaskResumeAll
 .text.xTaskIncrementTick
                0x08000c40      0x234 ./Middleware/ThirdParty/FreeRTOS/Source/tasks.o
                0x08000c40                xTaskIncrementTick
 .text.vTaskSwitchContext
                0x08000e74       0xbc ./Middleware/ThirdParty/FreeRTOS/Source/tasks.o
                0x08000e74                vTaskSwitchContext
 .text.prvIdleTask
                0x08000f30       0x30 ./Middleware/ThirdParty/FreeRTOS/Source/tasks.o
 .text.prvInitialiseTaskLists
                0x08000f60       0x80 ./Middleware/ThirdParty/FreeRTOS/Source/tasks.o
 .text.prvCheckTasksWaitingTermination
                0x08000fe0       0x5c ./Middleware/ThirdParty/FreeRTOS/Source/tasks.o
 .text.prvDeleteTCB
                0x0800103c       0x20 ./Middleware/ThirdParty/FreeRTOS/Source/tasks.o
 .text.prvResetNextTaskUnblockTime
                0x0800105c       0x38 ./Middleware/ThirdParty/FreeRTOS/Source/tasks.o
 .text.pxPortInitialiseStack
                0x08001094       0x68 ./Middleware/ThirdParty/FreeRTOS/Source/portable/GCC/ARM_CM4F/port.o
                0x08001094                pxPortInitialiseStack
 .text.prvTaskExitError
                0x080010fc       0x5c ./Middleware/ThirdParty/FreeRTOS/Source/portable/GCC/ARM_CM4F/port.o
 *fill*         0x08001158        0x8 
 .text.SVC_Handler
                0x08001160       0x28 ./Middleware/ThirdParty/FreeRTOS/Source/portable/GCC/ARM_CM4F/port.o
                0x08001160                SVC_Handler
 .text.prvPortStartFirstTask
                0x08001188       0x2c ./Middleware/ThirdParty/FreeRTOS/Source/portable/GCC/ARM_CM4F/port.o
 .text.xPortStartScheduler
                0x080011b4      0x1e0 ./Middleware/ThirdParty/FreeRTOS/Source/portable/GCC/ARM_CM4F/port.o
                0x080011b4                xPortStartScheduler
 .text.vPortEnterCritical
                0x08001394       0x64 ./Middleware/ThirdParty/FreeRTOS/Source/portable/GCC/ARM_CM4F/port.o
                0x08001394                vPortEnterCritical
 .text.vPortExitCritical
                0x080013f8       0x54 ./Middleware/ThirdParty/FreeRTOS/Source/portable/GCC/ARM_CM4F/port.o
                0x080013f8                vPortExitCritical
 *fill*         0x0800144c        0x4 
 .text.PendSV_Handler
                0x08001450       0x68 ./Middleware/ThirdParty/FreeRTOS/Source/portable/GCC/ARM_CM4F/port.o
                0x08001450                PendSV_Handler
 .text.SysTick_Handler
                0x080014b8       0x44 ./Middleware/ThirdParty/FreeRTOS/Source/portable/GCC/ARM_CM4F/port.o
                0x080014b8                SysTick_Handler
 .text.vPortSetupTimerInterrupt
                0x080014fc       0x48 ./Middleware/ThirdParty/FreeRTOS/Source/portable/GCC/ARM_CM4F/port.o
                0x080014fc                vPortSetupTimerInterrupt
 .text.vPortEnableVFP
                0x08001544       0x18 ./Middleware/ThirdParty/FreeRTOS/Source/portable/GCC/ARM_CM4F/port.o
 .text.pvPortMalloc
                0x0800155c      0x264 ./Middleware/ThirdParty/FreeRTOS/Source/portable/MemMang/heap_4.o
                0x0800155c                pvPortMalloc
 .text.vPortFree
                0x080017c0       0xec ./Middleware/ThirdParty/FreeRTOS/Source/portable/MemMang/heap_4.o
                0x080017c0                vPortFree
 .text.prvHeapInit
                0x080018ac       0xb4 ./Middleware/ThirdParty/FreeRTOS/Source/portable/MemMang/heap_4.o
 .text.prvInsertBlockIntoFreeList
                0x08001960       0xf4 ./Middleware/ThirdParty/FreeRTOS/Source/portable/MemMang/heap_4.o
 .text.Reset_Handler
                0x08001a54       0x50 ./Startup/startup_stm32f407igtx.o
                0x08001a54                Reset_Handler
 .text.Default_Handler
                0x08001aa4        0x2 ./Startup/startup_stm32f407igtx.o
                0x08001aa4                RTC_Alarm_IRQHandler
                0x08001aa4                HASH_RNG_IRQHandler
                0x08001aa4                EXTI2_IRQHandler
                0x08001aa4                TIM8_CC_IRQHandler
                0x08001aa4                DebugMon_Handler
                0x08001aa4                TIM1_CC_IRQHandler
                0x08001aa4                DMA2_Stream5_IRQHandler
                0x08001aa4                HardFault_Handler
                0x08001aa4                DMA1_Stream5_IRQHandler
                0x08001aa4                PVD_IRQHandler
                0x08001aa4                SDIO_IRQHandler
                0x08001aa4                TAMP_STAMP_IRQHandler
                0x08001aa4                NMI_Handler
                0x08001aa4                CAN2_RX1_IRQHandler
                0x08001aa4                EXTI3_IRQHandler
                0x08001aa4                TIM8_TRG_COM_TIM14_IRQHandler
                0x08001aa4                TIM1_UP_TIM10_IRQHandler
                0x08001aa4                TIM8_UP_TIM13_IRQHandler
                0x08001aa4                I2C3_ER_IRQHandler
                0x08001aa4                EXTI0_IRQHandler
                0x08001aa4                I2C2_EV_IRQHandler
                0x08001aa4                DMA1_Stream2_IRQHandler
                0x08001aa4                CAN1_RX0_IRQHandler
                0x08001aa4                FPU_IRQHandler
                0x08001aa4                OTG_HS_WKUP_IRQHandler
                0x08001aa4                UsageFault_Handler
                0x08001aa4                CAN2_SCE_IRQHandler
                0x08001aa4                DMA2_Stream2_IRQHandler
                0x08001aa4                SPI1_IRQHandler
                0x08001aa4                TIM6_DAC_IRQHandler
                0x08001aa4                TIM1_BRK_TIM9_IRQHandler
                0x08001aa4                DCMI_IRQHandler
                0x08001aa4                CAN2_RX0_IRQHandler
                0x08001aa4                DMA2_Stream3_IRQHandler
                0x08001aa4                USART6_IRQHandler
                0x08001aa4                USART3_IRQHandler
                0x08001aa4                CRYP_IRQHandler
                0x08001aa4                CAN1_RX1_IRQHandler
                0x08001aa4                UART5_IRQHandler
                0x08001aa4                DMA2_Stream0_IRQHandler
                0x08001aa4                TIM4_IRQHandler
                0x08001aa4                I2C1_EV_IRQHandler
                0x08001aa4                DMA1_Stream6_IRQHandler
                0x08001aa4                DMA1_Stream1_IRQHandler
                0x08001aa4                UART4_IRQHandler
                0x08001aa4                TIM3_IRQHandler
                0x08001aa4                RCC_IRQHandler
                0x08001aa4                TIM8_BRK_TIM12_IRQHandler
                0x08001aa4                Default_Handler
                0x08001aa4                EXTI15_10_IRQHandler
                0x08001aa4                ADC_IRQHandler
                0x08001aa4                DMA1_Stream7_IRQHandler
                0x08001aa4                TIM7_IRQHandler
                0x08001aa4                CAN2_TX_IRQHandler
                0x08001aa4                TIM5_IRQHandler
                0x08001aa4                DMA2_Stream7_IRQHandler
                0x08001aa4                I2C3_EV_IRQHandler
                0x08001aa4                EXTI9_5_IRQHandler
                0x08001aa4                RTC_WKUP_IRQHandler
                0x08001aa4                ETH_WKUP_IRQHandler
                0x08001aa4                SPI2_IRQHandler
                0x08001aa4                OTG_HS_EP1_IN_IRQHandler
                0x08001aa4                MemManage_Handler
                0x08001aa4                DMA1_Stream0_IRQHandler
                0x08001aa4                CAN1_TX_IRQHandler
                0x08001aa4                EXTI4_IRQHandler
                0x08001aa4                FSMC_IRQHandler
                0x08001aa4                ETH_IRQHandler
                0x08001aa4                OTG_HS_EP1_OUT_IRQHandler
                0x08001aa4                WWDG_IRQHandler
                0x08001aa4                TIM2_IRQHandler
                0x08001aa4                OTG_FS_WKUP_IRQHandler
                0x08001aa4                TIM1_TRG_COM_TIM11_IRQHandler
                0x08001aa4                OTG_HS_IRQHandler
                0x08001aa4                EXTI1_IRQHandler
                0x08001aa4                USART2_IRQHandler
                0x08001aa4                I2C2_ER_IRQHandler
                0x08001aa4                DMA2_Stream1_IRQHandler
                0x08001aa4                CAN1_SCE_IRQHandler
                0x08001aa4                DMA2_Stream4_IRQHandler
                0x08001aa4                BusFault_Handler
                0x08001aa4                USART1_IRQHandler
                0x08001aa4                OTG_FS_IRQHandler
                0x08001aa4                SPI3_IRQHandler
                0x08001aa4                DMA1_Stream4_IRQHandler
                0x08001aa4                I2C1_ER_IRQHandler
                0x08001aa4                DMA2_Stream6_IRQHandler
                0x08001aa4                DMA1_Stream3_IRQHandler
 .text.memset   0x08001aa6       0x10 C:/ST/STM32CubeIDE_2.1.0/STM32CubeIDE/plugins/com.st.stm32cube.ide.mcu.externaltools.gnu-tools-for-stm32.14.3.rel1.win32_1.0.100.202602081740/tools/bin/../lib/gcc/arm-none-eabi/14.3.1/../../../../arm-none-eabi/lib/thumb/v7e-m+fp/hard\libc_nano.a(libc_a-memset.o)
                0x08001aa6                memset
 *fill*         0x08001ab6        0x2 
 .text.__libc_init_array
                0x08001ab8       0x48 C:/ST/STM32CubeIDE_2.1.0/STM32CubeIDE/plugins/com.st.stm32cube.ide.mcu.externaltools.gnu-tools-for-stm32.14.3.rel1.win32_1.0.100.202602081740/tools/bin/../lib/gcc/arm-none-eabi/14.3.1/../../../../arm-none-eabi/lib/thumb/v7e-m+fp/hard\libc_nano.a(libc_a-init.o)
                0x08001ab8                __libc_init_array
 *(.glue_7)
 .glue_7        0x08001b00        0x0 linker stubs
 *(.glue_7t)
 .glue_7t       0x08001b00        0x0 linker stubs
 *(.eh_frame)
 .eh_frame      0x08001b00        0x0 C:/ST/STM32CubeIDE_2.1.0/STM32CubeIDE/plugins/com.st.stm32cube.ide.mcu.externaltools.gnu-tools-for-stm32.14.3.rel1.win32_1.0.100.202602081740/tools/bin/../lib/gcc/arm-none-eabi/14.3.1/thumb/v7e-m+fp/hard/crtbegin.o
 *(.init)
 .init          0x08001b00        0x4 C:/ST/STM32CubeIDE_2.1.0/STM32CubeIDE/plugins/com.st.stm32cube.ide.mcu.externaltools.gnu-tools-for-stm32.14.3.rel1.win32_1.0.100.202602081740/tools/bin/../lib/gcc/arm-none-eabi/14.3.1/thumb/v7e-m+fp/hard/crti.o
                0x08001b00                _init
 .init          0x08001b04        0x8 C:/ST/STM32CubeIDE_2.1.0/STM32CubeIDE/plugins/com.st.stm32cube.ide.mcu.externaltools.gnu-tools-for-stm32.14.3.rel1.win32_1.0.100.202602081740/tools/bin/../lib/gcc/arm-none-eabi/14.3.1/thumb/v7e-m+fp/hard/crtn.o
 *(.fini)
 .fini          0x08001b0c        0x4 C:/ST/STM32CubeIDE_2.1.0/STM32CubeIDE/plugins/com.st.stm32cube.ide.mcu.externaltools.gnu-tools-for-stm32.14.3.rel1.win32_1.0.100.202602081740/tools/bin/../lib/gcc/arm-none-eabi/14.3.1/thumb/v7e-m+fp/hard/crti.o
                0x08001b0c                _fini
 .fini          0x08001b10        0x8 C:/ST/STM32CubeIDE_2.1.0/STM32CubeIDE/plugins/com.st.stm32cube.ide.mcu.externaltools.gnu-tools-for-stm32.14.3.rel1.win32_1.0.100.202602081740/tools/bin/../lib/gcc/arm-none-eabi/14.3.1/thumb/v7e-m+fp/hard/crtn.o
                0x08001b18                        . = ALIGN (0x4)
                0x08001b18                        _etext = .

.vfp11_veneer   0x08001b18        0x0
 .vfp11_veneer  0x08001b18        0x0 linker stubs

.v4_bx          0x08001b18        0x0
 .v4_bx         0x08001b18        0x0 linker stubs

.iplt           0x08001b18        0x0
 .iplt          0x08001b18        0x0 C:/ST/STM32CubeIDE_2.1.0/STM32CubeIDE/plugins/com.st.stm32cube.ide.mcu.externaltools.gnu-tools-for-stm32.14.3.rel1.win32_1.0.100.202602081740/tools/bin/../lib/gcc/arm-none-eabi/14.3.1/thumb/v7e-m+fp/hard/crtbegin.o

.rodata         0x08001b18       0x2c
                0x08001b18                        . = ALIGN (0x4)
 *(.rodata)
 .rodata        0x08001b18        0xd ./Core/Src/main.o
 *fill*         0x08001b25        0x3 
 .rodata        0x08001b28        0x5 ./Middleware/ThirdParty/FreeRTOS/Source/tasks.o
 *(.rodata*)
 *fill*         0x08001b2d        0x3 
 .rodata.AHBPrescTable
                0x08001b30       0x10 ./Core/Src/system_stm32f4xx.o
                0x08001b30                AHBPrescTable
 .rodata.uxTopUsedPriority
                0x08001b40        0x4 ./Middleware/ThirdParty/FreeRTOS/Source/tasks.o
                0x08001b44                        . = ALIGN (0x4)

.ARM.extab      0x08001b44        0x0
                0x08001b44                        . = ALIGN (0x4)
 *(.ARM.extab* .gnu.linkonce.armextab.*)
                0x08001b44                        . = ALIGN (0x4)

.ARM            0x08001b44        0x0
                0x08001b44                        . = ALIGN (0x4)
                0x08001b44                        __exidx_start = .
 *(.ARM.exidx*)
                0x08001b44                        __exidx_end = .
                0x08001b44                        . = ALIGN (0x4)

.preinit_array  0x08001b44        0x0
                0x08001b44                        . = ALIGN (0x4)
                0x08001b44                        PROVIDE (__preinit_array_start = .)
 *(.preinit_array*)
                0x08001b44                        PROVIDE (__preinit_array_end = .)
                0x08001b44                        . = ALIGN (0x4)

.init_array     0x08001b44        0x4
                0x08001b44                        . = ALIGN (0x4)
                0x08001b44                        PROVIDE (__init_array_start = .)
 *(SORT_BY_NAME(.init_array.*))
 *(.init_array*)
 .init_array    0x08001b44        0x4 C:/ST/STM32CubeIDE_2.1.0/STM32CubeIDE/plugins/com.st.stm32cube.ide.mcu.externaltools.gnu-tools-for-stm32.14.3.rel1.win32_1.0.100.202602081740/tools/bin/../lib/gcc/arm-none-eabi/14.3.1/thumb/v7e-m+fp/hard/crtbegin.o
                0x08001b48                        PROVIDE (__init_array_end = .)
                0x08001b48                        . = ALIGN (0x4)

.fini_array     0x08001b48        0x4
                0x08001b48                        . = ALIGN (0x4)
                [!provide]                        PROVIDE (__fini_array_start = .)
 *(SORT_BY_NAME(.fini_array.*))
 *(.fini_array*)
 .fini_array    0x08001b48        0x4 C:/ST/STM32CubeIDE_2.1.0/STM32CubeIDE/plugins/com.st.stm32cube.ide.mcu.externaltools.gnu-tools-for-stm32.14.3.rel1.win32_1.0.100.202602081740/tools/bin/../lib/gcc/arm-none-eabi/14.3.1/thumb/v7e-m+fp/hard/crtbegin.o
                [!provide]                        PROVIDE (__fini_array_end = .)
                0x08001b4c                        . = ALIGN (0x4)
                0x08001b4c                        _sidata = LOADADDR (.data)

.rel.dyn        0x08001b4c        0x0
 .rel.iplt      0x08001b4c        0x0 C:/ST/STM32CubeIDE_2.1.0/STM32CubeIDE/plugins/com.st.stm32cube.ide.mcu.externaltools.gnu-tools-for-stm32.14.3.rel1.win32_1.0.100.202602081740/tools/bin/../lib/gcc/arm-none-eabi/14.3.1/thumb/v7e-m+fp/hard/crtbegin.o

.data           0x20000000        0x8 load address 0x08001b4c
                0x20000000                        . = ALIGN (0x4)
                0x20000000                        _sdata = .
 *(.data)
 *(.data*)
 .data.SystemCoreClock
                0x20000000        0x4 ./Core/Src/system_stm32f4xx.o
                0x20000000                SystemCoreClock
 .data.uxCriticalNesting
                0x20000004        0x4 ./Middleware/ThirdParty/FreeRTOS/Source/portable/GCC/ARM_CM4F/port.o
 *(.RamFunc)
 *(.RamFunc*)
                0x20000008                        . = ALIGN (0x4)
                0x20000008                        _edata = .
                0x08001b54                        _siccmram = LOADADDR (.ccmram)

.igot.plt       0x20000008        0x0 load address 0x08001b54
 .igot.plt      0x20000008        0x0 C:/ST/STM32CubeIDE_2.1.0/STM32CubeIDE/plugins/com.st.stm32cube.ide.mcu.externaltools.gnu-tools-for-stm32.14.3.rel1.win32_1.0.100.202602081740/tools/bin/../lib/gcc/arm-none-eabi/14.3.1/thumb/v7e-m+fp/hard/crtbegin.o

.ccmram         0x10000000        0x0 load address 0x08001b54
                0x10000000                        . = ALIGN (0x4)
                0x10000000                        _sccmram = .
 *(.ccmram)
 *(.ccmram*)
                0x10000000                        . = ALIGN (0x4)
                0x10000000                        _eccmram = .
                0x10000000                        . = ALIGN (0x4)

.bss            0x20000008     0x3d6c
                0x20000008                        _sbss = .
                0x20000008                        __bss_start__ = _sbss
 *(.bss)
 .bss           0x20000008       0x1c C:/ST/STM32CubeIDE_2.1.0/STM32CubeIDE/plugins/com.st.stm32cube.ide.mcu.externaltools.gnu-tools-for-stm32.14.3.rel1.win32_1.0.100.202602081740/tools/bin/../lib/gcc/arm-none-eabi/14.3.1/thumb/v7e-m+fp/hard/crtbegin.o
 *(.bss*)
 .bss.pxCurrentTCB
                0x20000024        0x4 ./Middleware/ThirdParty/FreeRTOS/Source/tasks.o
                0x20000024                pxCurrentTCB
 .bss.pxReadyTasksLists
                0x20000028       0x8c ./Middleware/ThirdParty/FreeRTOS/Source/tasks.o
 .bss.xDelayedTaskList1
                0x200000b4       0x14 ./Middleware/ThirdParty/FreeRTOS/Source/tasks.o
 .bss.xDelayedTaskList2
                0x200000c8       0x14 ./Middleware/ThirdParty/FreeRTOS/Source/tasks.o
 .bss.pxDelayedTaskList
                0x200000dc        0x4 ./Middleware/ThirdParty/FreeRTOS/Source/tasks.o
 .bss.pxOverflowDelayedTaskList
                0x200000e0        0x4 ./Middleware/ThirdParty/FreeRTOS/Source/tasks.o
 .bss.xPendingReadyList
                0x200000e4       0x14 ./Middleware/ThirdParty/FreeRTOS/Source/tasks.o
 .bss.xTasksWaitingTermination
                0x200000f8       0x14 ./Middleware/ThirdParty/FreeRTOS/Source/tasks.o
 .bss.uxDeletedTasksWaitingCleanUp
                0x2000010c        0x4 ./Middleware/ThirdParty/FreeRTOS/Source/tasks.o
 .bss.xSuspendedTaskList
                0x20000110       0x14 ./Middleware/ThirdParty/FreeRTOS/Source/tasks.o
 .bss.uxCurrentNumberOfTasks
                0x20000124        0x4 ./Middleware/ThirdParty/FreeRTOS/Source/tasks.o
 .bss.xTickCount
                0x20000128        0x4 ./Middleware/ThirdParty/FreeRTOS/Source/tasks.o
 .bss.uxTopReadyPriority
                0x2000012c        0x4 ./Middleware/ThirdParty/FreeRTOS/Source/tasks.o
 .bss.xSchedulerRunning
                0x20000130        0x4 ./Middleware/ThirdParty/FreeRTOS/Source/tasks.o
 .bss.xPendedTicks
                0x20000134        0x4 ./Middleware/ThirdParty/FreeRTOS/Source/tasks.o
 .bss.xYieldPendings
                0x20000138        0x4 ./Middleware/ThirdParty/FreeRTOS/Source/tasks.o
 .bss.xNumOfOverflows
                0x2000013c        0x4 ./Middleware/ThirdParty/FreeRTOS/Source/tasks.o
 .bss.uxTaskNumber
                0x20000140        0x4 ./Middleware/ThirdParty/FreeRTOS/Source/tasks.o
 .bss.xNextTaskUnblockTime
                0x20000144        0x4 ./Middleware/ThirdParty/FreeRTOS/Source/tasks.o
 .bss.xIdleTaskHandles
                0x20000148        0x4 ./Middleware/ThirdParty/FreeRTOS/Source/tasks.o
 .bss.uxSchedulerSuspended
                0x2000014c        0x4 ./Middleware/ThirdParty/FreeRTOS/Source/tasks.o
 .bss.ucMaxSysCallPriority
                0x20000150        0x1 ./Middleware/ThirdParty/FreeRTOS/Source/portable/GCC/ARM_CM4F/port.o
 *fill*         0x20000151        0x3 
 .bss.ulMaxPRIGROUPValue
                0x20000154        0x4 ./Middleware/ThirdParty/FreeRTOS/Source/portable/GCC/ARM_CM4F/port.o
 .bss.ucHeap    0x20000158     0x3c00 ./Middleware/ThirdParty/FreeRTOS/Source/portable/MemMang/heap_4.o
 .bss.xStart    0x20003d58        0x8 ./Middleware/ThirdParty/FreeRTOS/Source/portable/MemMang/heap_4.o
 .bss.pxEnd     0x20003d60        0x4 ./Middleware/ThirdParty/FreeRTOS/Source/portable/MemMang/heap_4.o
 .bss.xFreeBytesRemaining
                0x20003d64        0x4 ./Middleware/ThirdParty/FreeRTOS/Source/portable/MemMang/heap_4.o
 .bss.xMinimumEverFreeBytesRemaining
                0x20003d68        0x4 ./Middleware/ThirdParty/FreeRTOS/Source/portable/MemMang/heap_4.o
 .bss.xNumberOfSuccessfulAllocations
                0x20003d6c        0x4 ./Middleware/ThirdParty/FreeRTOS/Source/portable/MemMang/heap_4.o
 .bss.xNumberOfSuccessfulFrees
                0x20003d70        0x4 ./Middleware/ThirdParty/FreeRTOS/Source/portable/MemMang/heap_4.o
 *(COMMON)
                0x20003d74                        . = ALIGN (0x4)
                0x20003d74                        _ebss = .
                0x20003d74                        __bss_end__ = _ebss

._user_heap_stack
                0x20003d74      0x604
                0x20003d78                        . = ALIGN (0x8)
 *fill*         0x20003d74        0x4 
                [!provide]                        PROVIDE (end = .)
                0x20003d78                        PROVIDE (_end = .)
                0x20003f78                        . = (. + _Min_Heap_Size)
 *fill*         0x20003d78      0x200 
                0x20004378                        . = (. + _Min_Stack_Size)
 *fill*         0x20003f78      0x400 
                0x20004378                        . = ALIGN (0x8)

/DISCARD/
 libc.a(*)
 libm.a(*)
 libgcc.a(*)

.ARM.attributes
                0x00000000       0x30
 *(.ARM.attributes)
 .ARM.attributes
                0x00000000       0x22 C:/ST/STM32CubeIDE_2.1.0/STM32CubeIDE/plugins/com.st.stm32cube.ide.mcu.externaltools.gnu-tools-for-stm32.14.3.rel1.win32_1.0.100.202602081740/tools/bin/../lib/gcc/arm-none-eabi/14.3.1/thumb/v7e-m+fp/hard/crti.o
 .ARM.attributes
                0x00000022       0x34 C:/ST/STM32CubeIDE_2.1.0/STM32CubeIDE/plugins/com.st.stm32cube.ide.mcu.externaltools.gnu-tools-for-stm32.14.3.rel1.win32_1.0.100.202602081740/tools/bin/../lib/gcc/arm-none-eabi/14.3.1/thumb/v7e-m+fp/hard/crtbegin.o
 .ARM.attributes
                0x00000056       0x34 ./Core/Src/main.o
 .ARM.attributes
                0x0000008a       0x34 ./Core/Src/system_stm32f4xx.o
 .ARM.attributes
                0x000000be       0x34 ./Middleware/ThirdParty/FreeRTOS/Source/list.o
 .ARM.attributes
                0x000000f2       0x34 ./Middleware/ThirdParty/FreeRTOS/Source/tasks.o
 .ARM.attributes
                0x00000126       0x34 ./Middleware/ThirdParty/FreeRTOS/Source/portable/GCC/ARM_CM4F/port.o
 .ARM.attributes
                0x0000015a       0x34 ./Middleware/ThirdParty/FreeRTOS/Source/portable/MemMang/heap_4.o
 .ARM.attributes
                0x0000018e       0x21 ./Startup/startup_stm32f407igtx.o
 .ARM.attributes
                0x000001af       0x34 C:/ST/STM32CubeIDE_2.1.0/STM32CubeIDE/plugins/com.st.stm32cube.ide.mcu.externaltools.gnu-tools-for-stm32.14.3.rel1.win32_1.0.100.202602081740/tools/bin/../lib/gcc/arm-none-eabi/14.3.1/../../../../arm-none-eabi/lib/thumb/v7e-m+fp/hard\libc_nano.a(libc_a-memset.o)
 .ARM.attributes
                0x000001e3       0x34 C:/ST/STM32CubeIDE_2.1.0/STM32CubeIDE/plugins/com.st.stm32cube.ide.mcu.externaltools.gnu-tools-for-stm32.14.3.rel1.win32_1.0.100.202602081740/tools/bin/../lib/gcc/arm-none-eabi/14.3.1/../../../../arm-none-eabi/lib/thumb/v7e-m+fp/hard\libc_nano.a(libc_a-init.o)
 .ARM.attributes
                0x00000217       0x22 C:/ST/STM32CubeIDE_2.1.0/STM32CubeIDE/plugins/com.st.stm32cube.ide.mcu.externaltools.gnu-tools-for-stm32.14.3.rel1.win32_1.0.100.202602081740/tools/bin/../lib/gcc/arm-none-eabi/14.3.1/thumb/v7e-m+fp/hard/crtn.o
OUTPUT(RTOS-407.elf elf32-littlearm)
LOAD linker stubs
LOAD C:/ST/STM32CubeIDE_2.1.0/STM32CubeIDE/plugins/com.st.stm32cube.ide.mcu.externaltools.gnu-tools-for-stm32.14.3.rel1.win32_1.0.100.202602081740/tools/bin/../lib/gcc/arm-none-eabi/14.3.1/../../../../arm-none-eabi/lib/thumb/v7e-m+fp/hard\libc.a
LOAD C:/ST/STM32CubeIDE_2.1.0/STM32CubeIDE/plugins/com.st.stm32cube.ide.mcu.externaltools.gnu-tools-for-stm32.14.3.rel1.win32_1.0.100.202602081740/tools/bin/../lib/gcc/arm-none-eabi/14.3.1/../../../../arm-none-eabi/lib/thumb/v7e-m+fp/hard\libm.a
LOAD C:/ST/STM32CubeIDE_2.1.0/STM32CubeIDE/plugins/com.st.stm32cube.ide.mcu.externaltools.gnu-tools-for-stm32.14.3.rel1.win32_1.0.100.202602081740/tools/bin/../lib/gcc/arm-none-eabi/14.3.1/thumb/v7e-m+fp/hard\libgcc.a

.debug_info     0x00000000     0x3c1a
 .debug_info    0x00000000      0x1e4 ./Core/Src/main.o
 .debug_info    0x000001e4      0x50b ./Core/Src/system_stm32f4xx.o
 .debug_info    0x000006ef      0x2aa ./Middleware/ThirdParty/FreeRTOS/Source/list.o
 .debug_info    0x00000999     0x26f9 ./Middleware/ThirdParty/FreeRTOS/Source/tasks.o
 .debug_info    0x00003092      0x581 ./Middleware/ThirdParty/FreeRTOS/Source/portable/GCC/ARM_CM4F/port.o
 .debug_info    0x00003613      0x5d7 ./Middleware/ThirdParty/FreeRTOS/Source/portable/MemMang/heap_4.o
 .debug_info    0x00003bea       0x30 ./Startup/startup_stm32f407igtx.o

.debug_abbrev   0x00000000      0xb8d
 .debug_abbrev  0x00000000      0x13f ./Core/Src/main.o
 .debug_abbrev  0x0000013f      0x11a ./Core/Src/system_stm32f4xx.o
 .debug_abbrev  0x00000259       0xee ./Middleware/ThirdParty/FreeRTOS/Source/list.o
 .debug_abbrev  0x00000347      0x380 ./Middleware/ThirdParty/FreeRTOS/Source/tasks.o
 .debug_abbrev  0x000006c7      0x248 ./Middleware/ThirdParty/FreeRTOS/Source/portable/GCC/ARM_CM4F/port.o
 .debug_abbrev  0x0000090f      0x25a ./Middleware/ThirdParty/FreeRTOS/Source/portable/MemMang/heap_4.o
 .debug_abbrev  0x00000b69       0x24 ./Startup/startup_stm32f407igtx.o

.debug_aranges  0x00000000      0x3c8
 .debug_aranges
                0x00000000       0x30 ./Core/Src/main.o
 .debug_aranges
                0x00000030       0x28 ./Core/Src/system_stm32f4xx.o
 .debug_aranges
                0x00000058       0x40 ./Middleware/ThirdParty/FreeRTOS/Source/list.o
 .debug_aranges
                0x00000098      0x220 ./Middleware/ThirdParty/FreeRTOS/Source/tasks.o
 .debug_aranges
                0x000002b8       0x80 ./Middleware/ThirdParty/FreeRTOS/Source/portable/GCC/ARM_CM4F/port.o
 .debug_aranges
                0x00000338       0x68 ./Middleware/ThirdParty/FreeRTOS/Source/portable/MemMang/heap_4.o
 .debug_aranges
                0x000003a0       0x28 ./Startup/startup_stm32f407igtx.o

.debug_rnglists
                0x00000000      0x2e9
 .debug_rnglists
                0x00000000       0x1f ./Core/Src/main.o
 .debug_rnglists
                0x0000001f       0x1a ./Core/Src/system_stm32f4xx.o
 .debug_rnglists
                0x00000039       0x2b ./Middleware/ThirdParty/FreeRTOS/Source/list.o
 .debug_rnglists
                0x00000064      0x1c1 ./Middleware/ThirdParty/FreeRTOS/Source/tasks.o
 .debug_rnglists
                0x00000225       0x5d ./Middleware/ThirdParty/FreeRTOS/Source/portable/GCC/ARM_CM4F/port.o
 .debug_rnglists
                0x00000282       0x4e ./Middleware/ThirdParty/FreeRTOS/Source/portable/MemMang/heap_4.o
 .debug_rnglists
                0x000002d0       0x19 ./Startup/startup_stm32f407igtx.o

.debug_macro    0x00000000    0x1a559
 .debug_macro   0x00000000      0x176 ./Core/Src/main.o
 .debug_macro   0x00000176      0xad2 ./Core/Src/main.o
 .debug_macro   0x00000c48       0x2e ./Core/Src/main.o
 .debug_macro   0x00000c76       0x2f ./Core/Src/main.o
 .debug_macro   0x00000ca5       0x22 ./Core/Src/main.o
 .debug_macro   0x00000cc7       0x8e ./Core/Src/main.o
 .debug_macro   0x00000d55       0x51 ./Core/Src/main.o
 .debug_macro   0x00000da6      0x103 ./Core/Src/main.o
 .debug_macro   0x00000ea9       0x6a ./Core/Src/main.o
 .debug_macro   0x00000f13      0x1df ./Core/Src/main.o
 .debug_macro   0x000010f2       0x1c ./Core/Src/main.o
 .debug_macro   0x0000110e       0x22 ./Core/Src/main.o
 .debug_macro   0x00001130       0xfb ./Core/Src/main.o
 .debug_macro   0x0000122b     0x1011 ./Core/Src/main.o
 .debug_macro   0x0000223c      0x11f ./Core/Src/main.o
 .debug_macro   0x0000235b    0x15e97 ./Core/Src/main.o
 .debug_macro   0x000181f2       0x6d ./Core/Src/main.o
 .debug_macro   0x0001825f       0x22 ./Core/Src/main.o
 .debug_macro   0x00018281       0xd8 ./Core/Src/main.o
 .debug_macro   0x00018359      0x127 ./Core/Src/main.o
 .debug_macro   0x00018480      0x190 ./Core/Src/main.o
 .debug_macro   0x00018610       0x2e ./Core/Src/main.o
 .debug_macro   0x0001863e      0x182 ./Core/Src/main.o
 .debug_macro   0x000187c0       0xee ./Core/Src/main.o
 .debug_macro   0x000188ae       0x2e ./Core/Src/main.o
 .debug_macro   0x000188dc       0x1f ./Core/Src/main.o
 .debug_macro   0x000188fb       0x12 ./Core/Src/main.o
 .debug_macro   0x0001890d     0x10cc ./Core/Src/main.o
 .debug_macro   0x000199d9       0xc3 ./Core/Src/main.o
 .debug_macro   0x00019a9c      0x14f ./Core/Src/main.o
 .debug_macro   0x00019beb       0x10 ./Core/Src/main.o
 .debug_macro   0x00019bfb       0xe0 ./Core/Src/system_stm32f4xx.o
 .debug_macro   0x00019cdb      0x1a2 ./Middleware/ThirdParty/FreeRTOS/Source/list.o
 .debug_macro   0x00019e7d      0x2bf ./Middleware/ThirdParty/FreeRTOS/Source/tasks.o
 .debug_macro   0x0001a13c       0x17 ./Middleware/ThirdParty/FreeRTOS/Source/tasks.o
 .debug_macro   0x0001a153      0x1cf ./Middleware/ThirdParty/FreeRTOS/Source/portable/GCC/ARM_CM4F/port.o
 .debug_macro   0x0001a322      0x237 ./Middleware/ThirdParty/FreeRTOS/Source/portable/MemMang/heap_4.o

.debug_line     0x00000000     0x4a4d
 .debug_line    0x00000000      0x74b ./Core/Src/main.o
 .debug_line    0x0000074b      0x5c4 ./Core/Src/system_stm32f4xx.o
 .debug_line    0x00000d0f      0x816 ./Middleware/ThirdParty/FreeRTOS/Source/list.o
 .debug_line    0x00001525     0x1feb ./Middleware/ThirdParty/FreeRTOS/Source/tasks.o
 .debug_line    0x00003510      0x923 ./Middleware/ThirdParty/FreeRTOS/Source/portable/GCC/ARM_CM4F/port.o
 .debug_line    0x00003e33      0xb9f ./Middleware/ThirdParty/FreeRTOS/Source/portable/MemMang/heap_4.o
 .debug_line    0x000049d2       0x7b ./Startup/startup_stm32f407igtx.o

.debug_str      0x00000000    0x99f9d
 .debug_str     0x00000000    0x99f9d ./Core/Src/main.o
                              0x9390a (size before relaxing)
 .debug_str     0x00099f9d    0x88611 ./Core/Src/system_stm32f4xx.o
 .debug_str     0x00099f9d    0x10b00 ./Middleware/ThirdParty/FreeRTOS/Source/list.o
 .debug_str     0x00099f9d    0x14325 ./Middleware/ThirdParty/FreeRTOS/Source/tasks.o
 .debug_str     0x00099f9d     0xf614 ./Middleware/ThirdParty/FreeRTOS/Source/portable/GCC/ARM_CM4F/port.o
 .debug_str     0x00099f9d    0x12657 ./Middleware/ThirdParty/FreeRTOS/Source/portable/MemMang/heap_4.o
 .debug_str     0x00099f9d       0x72 ./Startup/startup_stm32f407igtx.o

.comment        0x00000000       0x43
 .comment       0x00000000       0x43 ./Core/Src/main.o
                                 0x44 (size before relaxing)
 .comment       0x00000043       0x44 ./Core/Src/system_stm32f4xx.o
 .comment       0x00000043       0x44 ./Middleware/ThirdParty/FreeRTOS/Source/list.o
 .comment       0x00000043       0x44 ./Middleware/ThirdParty/FreeRTOS/Source/tasks.o
 .comment       0x00000043       0x44 ./Middleware/ThirdParty/FreeRTOS/Source/portable/GCC/ARM_CM4F/port.o
 .comment       0x00000043       0x44 ./Middleware/ThirdParty/FreeRTOS/Source/portable/MemMang/heap_4.o

.debug_frame    0x00000000      0xdd4
 .debug_frame   0x00000000       0x74 ./Core/Src/main.o
 .debug_frame   0x00000074       0x50 ./Core/Src/system_stm32f4xx.o
 .debug_frame   0x000000c4       0xc4 ./Middleware/ThirdParty/FreeRTOS/Source/list.o
 .debug_frame   0x00000188      0x918 ./Middleware/ThirdParty/FreeRTOS/Source/tasks.o
 .debug_frame   0x00000aa0      0x18c ./Middleware/ThirdParty/FreeRTOS/Source/portable/GCC/ARM_CM4F/port.o
 .debug_frame   0x00000c2c      0x15c ./Middleware/ThirdParty/FreeRTOS/Source/portable/MemMang/heap_4.o
 .debug_frame   0x00000d88       0x20 C:/ST/STM32CubeIDE_2.1.0/STM32CubeIDE/plugins/com.st.stm32cube.ide.mcu.externaltools.gnu-tools-for-stm32.14.3.rel1.win32_1.0.100.202602081740/tools/bin/../lib/gcc/arm-none-eabi/14.3.1/../../../../arm-none-eabi/lib/thumb/v7e-m+fp/hard\libc_nano.a(libc_a-memset.o)
 .debug_frame   0x00000da8       0x2c C:/ST/STM32CubeIDE_2.1.0/STM32CubeIDE/plugins/com.st.stm32cube.ide.mcu.externaltools.gnu-tools-for-stm32.14.3.rel1.win32_1.0.100.202602081740/tools/bin/../lib/gcc/arm-none-eabi/14.3.1/../../../../arm-none-eabi/lib/thumb/v7e-m+fp/hard\libc_nano.a(libc_a-init.o)

.debug_line_str
                0x00000000       0x56
 .debug_line_str
                0x00000000       0x56 ./Startup/startup_stm32f407igtx.o
