Archive member included to satisfy reference by file (symbol)

C:/ST/STM32CubeIDE_2.1.0/STM32CubeIDE/plugins/com.st.stm32cube.ide.mcu.externaltools.gnu-tools-for-stm32.14.3.rel1.win32_1.0.100.202602081740/tools/bin/../lib/gcc/arm-none-eabi/14.3.1/../../../../arm-none-eabi/lib/thumb/v7e-m+fp/hard\libc_nano.a(libc_a-exit.o)
                              C:/ST/STM32CubeIDE_2.1.0/STM32CubeIDE/plugins/com.st.stm32cube.ide.mcu.externaltools.gnu-tools-for-stm32.14.3.rel1.win32_1.0.100.202602081740/tools/bin/../lib/gcc/arm-none-eabi/14.3.1/../../../../arm-none-eabi/lib/thumb/v7e-m+fp/hard/crt0.o (exit)
C:/ST/STM32CubeIDE_2.1.0/STM32CubeIDE/plugins/com.st.stm32cube.ide.mcu.externaltools.gnu-tools-for-stm32.14.3.rel1.win32_1.0.100.202602081740/tools/bin/../lib/gcc/arm-none-eabi/14.3.1/../../../../arm-none-eabi/lib/thumb/v7e-m+fp/hard\libc_nano.a(libc_a-findfp.o)
                              C:/ST/STM32CubeIDE_2.1.0/STM32CubeIDE/plugins/com.st.stm32cube.ide.mcu.externaltools.gnu-tools-for-stm32.14.3.rel1.win32_1.0.100.202602081740/tools/bin/../lib/gcc/arm-none-eabi/14.3.1/../../../../arm-none-eabi/lib/thumb/v7e-m+fp/hard\libc_nano.a(libc_a-exit.o) (__stdio_exit_handler)
C:/ST/STM32CubeIDE_2.1.0/STM32CubeIDE/plugins/com.st.stm32cube.ide.mcu.externaltools.gnu-tools-for-stm32.14.3.rel1.win32_1.0.100.202602081740/tools/bin/../lib/gcc/arm-none-eabi/14.3.1/../../../../arm-none-eabi/lib/thumb/v7e-m+fp/hard\libc_nano.a(libc_a-fwalk.o)
                              C:/ST/STM32CubeIDE_2.1.0/STM32CubeIDE/plugins/com.st.stm32cube.ide.mcu.externaltools.gnu-tools-for-stm32.14.3.rel1.win32_1.0.100.202602081740/tools/bin/../lib/gcc/arm-none-eabi/14.3.1/../../../../arm-none-eabi/lib/thumb/v7e-m+fp/hard\libc_nano.a(libc_a-findfp.o) (_fwalk_sglue)
C:/ST/STM32CubeIDE_2.1.0/STM32CubeIDE/plugins/com.st.stm32cube.ide.mcu.externaltools.gnu-tools-for-stm32.14.3.rel1.win32_1.0.100.202602081740/tools/bin/../lib/gcc/arm-none-eabi/14.3.1/../../../../arm-none-eabi/lib/thumb/v7e-m+fp/hard\libc_nano.a(libc_a-stdio.o)
                              C:/ST/STM32CubeIDE_2.1.0/STM32CubeIDE/plugins/com.st.stm32cube.ide.mcu.externaltools.gnu-tools-for-stm32.14.3.rel1.win32_1.0.100.202602081740/tools/bin/../lib/gcc/arm-none-eabi/14.3.1/../../../../arm-none-eabi/lib/thumb/v7e-m+fp/hard\libc_nano.a(libc_a-findfp.o) (__sread)
C:/ST/STM32CubeIDE_2.1.0/STM32CubeIDE/plugins/com.st.stm32cube.ide.mcu.externaltools.gnu-tools-for-stm32.14.3.rel1.win32_1.0.100.202602081740/tools/bin/../lib/gcc/arm-none-eabi/14.3.1/../../../../arm-none-eabi/lib/thumb/v7e-m+fp/hard\libc_nano.a(libc_a-memset.o)
                              C:/ST/STM32CubeIDE_2.1.0/STM32CubeIDE/plugins/com.st.stm32cube.ide.mcu.externaltools.gnu-tools-for-stm32.14.3.rel1.win32_1.0.100.202602081740/tools/bin/../lib/gcc/arm-none-eabi/14.3.1/../../../../arm-none-eabi/lib/thumb/v7e-m+fp/hard/crt0.o (memset)
C:/ST/STM32CubeIDE_2.1.0/STM32CubeIDE/plugins/com.st.stm32cube.ide.mcu.externaltools.gnu-tools-for-stm32.14.3.rel1.win32_1.0.100.202602081740/tools/bin/../lib/gcc/arm-none-eabi/14.3.1/../../../../arm-none-eabi/lib/thumb/v7e-m+fp/hard\libc_nano.a(libc_a-closer.o)
                              C:/ST/STM32CubeIDE_2.1.0/STM32CubeIDE/plugins/com.st.stm32cube.ide.mcu.externaltools.gnu-tools-for-stm32.14.3.rel1.win32_1.0.100.202602081740/tools/bin/../lib/gcc/arm-none-eabi/14.3.1/../../../../arm-none-eabi/lib/thumb/v7e-m+fp/hard\libc_nano.a(libc_a-stdio.o) (_close_r)
C:/ST/STM32CubeIDE_2.1.0/STM32CubeIDE/plugins/com.st.stm32cube.ide.mcu.externaltools.gnu-tools-for-stm32.14.3.rel1.win32_1.0.100.202602081740/tools/bin/../lib/gcc/arm-none-eabi/14.3.1/../../../../arm-none-eabi/lib/thumb/v7e-m+fp/hard\libc_nano.a(libc_a-reent.o)
                              C:/ST/STM32CubeIDE_2.1.0/STM32CubeIDE/plugins/com.st.stm32cube.ide.mcu.externaltools.gnu-tools-for-stm32.14.3.rel1.win32_1.0.100.202602081740/tools/bin/../lib/gcc/arm-none-eabi/14.3.1/../../../../arm-none-eabi/lib/thumb/v7e-m+fp/hard\libc_nano.a(libc_a-closer.o) (errno)
C:/ST/STM32CubeIDE_2.1.0/STM32CubeIDE/plugins/com.st.stm32cube.ide.mcu.externaltools.gnu-tools-for-stm32.14.3.rel1.win32_1.0.100.202602081740/tools/bin/../lib/gcc/arm-none-eabi/14.3.1/../../../../arm-none-eabi/lib/thumb/v7e-m+fp/hard\libc_nano.a(libc_a-impure.o)
                              C:/ST/STM32CubeIDE_2.1.0/STM32CubeIDE/plugins/com.st.stm32cube.ide.mcu.externaltools.gnu-tools-for-stm32.14.3.rel1.win32_1.0.100.202602081740/tools/bin/../lib/gcc/arm-none-eabi/14.3.1/../../../../arm-none-eabi/lib/thumb/v7e-m+fp/hard\libc_nano.a(libc_a-reent.o) (_impure_ptr)
C:/ST/STM32CubeIDE_2.1.0/STM32CubeIDE/plugins/com.st.stm32cube.ide.mcu.externaltools.gnu-tools-for-stm32.14.3.rel1.win32_1.0.100.202602081740/tools/bin/../lib/gcc/arm-none-eabi/14.3.1/../../../../arm-none-eabi/lib/thumb/v7e-m+fp/hard\libc_nano.a(libc_a-lseekr.o)
[...]
Memory Configuration

Name             Origin             Length             Attributes
CCMRAM           0x10000000         0x00010000         xrw
RAM              0x20000000         0x00020000         xrw
FLASH            0x08000000         0x00100000         xr
*default*        0x00000000         0xffffffff

Linker script and memory map

LOAD C:/ST/STM32CubeIDE_2.1.0/STM32CubeIDE/plugins/com.st.stm32cube.ide.mcu.externaltools.gnu-tools-for-stm32.14.3.rel1.win32_1.0.100.202602081740/tools/bin/../lib/gcc/arm-none-eabi/14.3.1/thumb/v7e-m+fp/hard/crti.o
LOAD C:/ST/STM32CubeIDE_2.1.0/STM32CubeIDE/plugins/com.st.stm32cube.ide.mcu.externaltools.gnu-tools-for-stm32.14.3.rel1.win32_1.0.100.202602081740/tools/bin/../lib/gcc/arm-none-eabi/14.3.1/thumb/v7e-m+fp/hard/crtbegin.o
LOAD C:/ST/STM32CubeIDE_2.1.0/STM32CubeIDE/plugins/com.st.stm32cube.ide.mcu.externaltools.gnu-tools-for-stm32.14.3.rel1.win32_1.0.100.202602081740/tools/bin/../lib/gcc/arm-none-eabi/14.3.1/../../../../arm-none-eabi/lib/thumb/v7e-m+fp/hard/crt0.o
LOAD ./Core/Src/main.o
LOAD ./Core/Src/syscalls.o
LOAD ./Core/Src/sysmem.o
LOAD ./Core/Src/system_stm32f4xx.o
LOAD ./Middleware/ThirdParty/FreeRTOS/Source/croutine.o
LOAD ./Middleware/ThirdParty/FreeRTOS/Source/event_groups.o
LOAD ./Middleware/ThirdParty/FreeRTOS/Source/list.o
LOAD ./Middleware/ThirdParty/FreeRTOS/Source/queue.o
LOAD ./Middleware/ThirdParty/FreeRTOS/Source/stream_buffer.o
LOAD ./Middleware/ThirdParty/FreeRTOS/Source/tasks.o
LOAD ./Middleware/ThirdParty/FreeRTOS/Source/timers.o
LOAD ./Middleware/ThirdParty/FreeRTOS/Source/portable/GCC/ARM_CM4F/port.o
LOAD ./Middleware/ThirdParty/FreeRTOS/Source/portable/MemMang/heap_4.o
LOAD ./Startup/startup_stm32f407igtx.o
START GROUP
LOAD C:/ST/STM32CubeIDE_2.1.0/STM32CubeIDE/plugins/com.st.stm32cube.ide.mcu.externaltools.gnu-tools-for-stm32.14.3.rel1.win32_1.0.100.202602081740/tools/bin/../lib/gcc/arm-none-eabi/14.3.1/../../../../arm-none-eabi/lib/thumb/v7e-m+fp/hard\libc_nano.a
LOAD C:/ST/STM32CubeIDE_2.1.0/STM32CubeIDE/plugins/com.st.stm32cube.ide.mcu.externaltools.gnu-tools-for-stm32.14.3.rel1.win32_1.0.100.202602081740/tools/bin/../lib/gcc/arm-none-eabi/14.3.1/../../../../arm-none-eabi/lib/thumb/v7e-m+fp/hard\libm.a
END GROUP
START GROUP
LOAD C:/ST/STM32CubeIDE_2.1.0/STM32CubeIDE/plugins/com.st.stm32cube.ide.mcu.externaltools.gnu-tools-for-stm32.14.3.rel1.win32_1.0.100.202602081740/tools/bin/../lib/gcc/arm-none-eabi/14.3.1/thumb/v7e-m+fp/hard\libgcc.a
LOAD C:/ST/STM32CubeIDE_2.1.0/STM32CubeIDE/plugins/com.st.stm32cube.ide.mcu.externaltools.gnu-tools-for-stm32.14.3.rel1.win32_1.0.100.202602081740/tools/bin/../lib/gcc/arm-none-eabi/14.3.1/../../../../arm-none-eabi/lib/thumb/v7e-m+fp/hard\libc_nano.a
END GROUP
START GROUP
LOAD C:/ST/STM32CubeIDE_2.1.0/STM32CubeIDE/plugins/com.st.stm32cube.ide.mcu.externaltools.gnu-tools-for-stm32.14.3.rel1.win32_1.0.100.202602081740/tools/bin/../lib/gcc/arm-none-eabi/14.3.1/thumb/v7e-m+fp/hard\libgcc.a
LOAD C:/ST/STM32CubeIDE_2.1.0/STM32CubeIDE/plugins/com.st.stm32cube.ide.mcu.externaltools.gnu-tools-for-stm32.14.3.rel1.win32_1.0.100.202602081740/tools/bin/../lib/gcc/arm-none-eabi/14.3.1/../../../../arm-none-eabi/lib/thumb/v7e-m+fp/hard\libc_nano.a
LOAD C:/ST/STM32CubeIDE_2.1.0/STM32CubeIDE/plugins/com.st.stm32cube.ide.mcu.externaltools.gnu-tools-for-stm32.14.3.rel1.win32_1.0.100.202602081740/tools/bin/../lib/gcc/arm-none-eabi/14.3.1/../../../../arm-none-eabi/lib/thumb/v7e-m+fp/hard\libnosys.a
END GROUP
START GROUP
LOAD C:/ST/STM32CubeIDE_2.1.0/STM32CubeIDE/plugins/com.st.stm32cube.ide.mcu.externaltools.gnu-tools-for-stm32.14.3.rel1.win32_1.0.100.202602081740/tools/bin/../lib/gcc/arm-none-eabi/14.3.1/thumb/v7e-m+fp/hard\libgcc.a
LOAD C:/ST/STM32CubeIDE_2.1.0/STM32CubeIDE/plugins/com.st.stm32cube.ide.mcu.externaltools.gnu-tools-for-stm32.14.3.rel1.win32_1.0.100.202602081740/tools/bin/../lib/gcc/arm-none-eabi/14.3.1/../../../../arm-none-eabi/lib/thumb/v7e-m+fp/hard\libc_nano.a
LOAD C:/ST/STM32CubeIDE_2.1.0/STM32CubeIDE/plugins/com.st.stm32cube.ide.mcu.externaltools.gnu-tools-for-stm32.14.3.rel1.win32_1.0.100.202602081740/tools/bin/../lib/gcc/arm-none-eabi/14.3.1/../../../../arm-none-eabi/lib/thumb/v7e-m+fp/hard\libnosys.a
END GROUP
LOAD C:/ST/STM32CubeIDE_2.1.0/STM32CubeIDE/plugins/com.st.stm32cube.ide.mcu.externaltools.gnu-tools-for-stm32.14.3.rel1.win32_1.0.100.202602081740/tools/bin/../lib/gcc/arm-none-eabi/14.3.1/thumb/v7e-m+fp/hard/crtend.o
LOAD C:/ST/STM32CubeIDE_2.1.0/STM32CubeIDE/plugins/com.st.stm32cube.ide.mcu.externaltools.gnu-tools-for-stm32.14.3.rel1.win32_1.0.100.202602081740/tools/bin/../lib/gcc/arm-none-eabi/14.3.1/thumb/v7e-m+fp/hard/crtn.o
                0x20020000                        _estack = (ORIGIN (RAM) + LENGTH (RAM))
                0x00000200                        _Min_Heap_Size = 0x200
                0x00000400                        _Min_Stack_Size = 0x400

.isr_vector     0x08000000      0x188
                0x08000000                        . = ALIGN (0x4)
 *(.isr_vector)
 .isr_vector    0x08000000      0x188 ./Startup/startup_stm32f407igtx.o
                0x08000000                g_pfnVectors
                0x08000188                        . = ALIGN (0x4)

.text           0x08000190     0x1668
                0x08000190                        . = ALIGN (0x4)
 *(.text)
 .text          0x08000190       0x40 C:/ST/STM32CubeIDE_2.1.0/STM32CubeIDE/plugins/com.st.stm32cube.ide.mcu.externaltools.gnu-tools-for-stm32.14.3.rel1.win32_1.0.100.202602081740/tools/bin/../lib/gcc/arm-none-eabi/14.3.1/thumb/v7e-m+fp/hard/crtbegin.o
 *(.text*)
 .text.main     0x080001d0       0x14 ./Core/Src/main.o
                0x080001d0                main
 .text.startup_task
                0x080001e4       0x16 ./Core/Src/main.o
 *fill*         0x080001fa        0x2 
 .text.startup  0x080001fc       0x4c ./Core/Src/main.o
 .text.SystemInit
                0x08000248       0x24 ./Core/Src/system_stm32f4xx.o
                0x08000248                SystemInit
 .text.SystemCoreClockUpdate
                0x0800026c      0x100 ./Core/Src/system_stm32f4xx.o
                0x0800026c                SystemCoreClockUpdate
 .text.vListInitialise
                0x0800036c       0x40 ./Middleware/ThirdParty/FreeRTOS/Source/list.o
                0x0800036c                vListInitialise
 .text.vListInitialiseItem
                0x080003ac       0x1a ./Middleware/ThirdParty/FreeRTOS/Source/list.o
                0x080003ac                vListInitialiseItem
 .text.vListInsertEnd
                0x080003c6       0x48 ./Middleware/ThirdParty/FreeRTOS/Source/list.o
                0x080003c6                vListInsertEnd
 .text.uxListRemove
                0x0800040e       0x54 ./Middleware/ThirdParty/FreeRTOS/Source/list.o
                0x0800040e                uxListRemove
 .text.xTaskCreate
                0x08000462       0x8c ./Middleware/ThirdParty/FreeRTOS/Source/tasks.o
                0x08000462                xTaskCreate
 .text.prvInitialiseNewTask
                0x080004ee      0x126 ./Middleware/ThirdParty/FreeRTOS/Source/tasks.o
 .text.prvAddNewTaskToReadyList
                0x08000614      0x12c ./Middleware/ThirdParty/FreeRTOS/Source/tasks.o
 .text.vTaskDelete
                0x08000740      0x12c ./Middleware/ThirdParty/FreeRTOS/Source/tasks.o
                0x08000740                vTaskDelete
 .text.vTaskStartScheduler
                0x0800086c       0x98 ./Middleware/ThirdParty/FreeRTOS/Source/tasks.o
                0x0800086c                vTaskStartScheduler
 .text.vTaskSuspendAll
                0x08000904       0x1c ./Middleware/ThirdParty/FreeRTOS/Source/tasks.o
                0x08000904                vTaskSuspendAll
 .text.xTaskResumeAll
                0x08000920      0x1f8 ./Middleware/ThirdParty/FreeRTOS/Source/tasks.o
                0x08000920                xTaskResumeAll
 .text.xTaskIncrementTick
                0x08000b18      0x230 ./Middleware/ThirdParty/FreeRTOS/Source/tasks.o
                0x08000b18                xTaskIncrementTick
 .text.vTaskSwitchContext
                0x08000d48       0xb8 ./Middleware/ThirdParty/FreeRTOS/Source/tasks.o
                0x08000d48                vTaskSwitchContext
 .text.prvIdleTask
                0x08000e00       0x30 ./Middleware/ThirdParty/FreeRTOS/Source/tasks.o
 .text.prvInitialiseTaskLists
                0x08000e30       0x80 ./Middleware/ThirdParty/FreeRTOS/Source/tasks.o
 .text.prvCheckTasksWaitingTermination
                0x08000eb0       0x5c ./Middleware/ThirdParty/FreeRTOS/Source/tasks.o
 .text.prvDeleteTCB
                0x08000f0c       0x20 ./Middleware/ThirdParty/FreeRTOS/Source/tasks.o
 .text.prvResetNextTaskUnblockTime
                0x08000f2c       0x38 ./Middleware/ThirdParty/FreeRTOS/Source/tasks.o
 .text.pxPortInitialiseStack
                0x08000f64       0x68 ./Middleware/ThirdParty/FreeRTOS/Source/portable/GCC/ARM_CM4F/port.o
                0x08000f64                pxPortInitialiseStack
 .text.prvTaskExitError
                0x08000fcc       0x5c ./Middleware/ThirdParty/FreeRTOS/Source/portable/GCC/ARM_CM4F/port.o
 *fill*         0x08001028        0x8 
 .text.SVC_Handler
                0x08001030       0x28 ./Middleware/ThirdParty/FreeRTOS/Source/portable/GCC/ARM_CM4F/port.o
                0x08001030                SVC_Handler
 .text.prvPortStartFirstTask
                0x08001058       0x2c ./Middleware/ThirdParty/FreeRTOS/Source/portable/GCC/ARM_CM4F/port.o
 .text.xPortStartScheduler
                0x08001084      0x148 ./Middleware/ThirdParty/FreeRTOS/Source/portable/GCC/ARM_CM4F/port.o
                0x08001084                xPortStartScheduler
 .text.vPortEnterCritical
                0x080011cc       0x64 ./Middleware/ThirdParty/FreeRTOS/Source/portable/GCC/ARM_CM4F/port.o
                0x080011cc                vPortEnterCritical
 .text.vPortExitCritical
                0x08001230       0x54 ./Middleware/ThirdParty/FreeRTOS/Source/portable/GCC/ARM_CM4F/port.o
                0x08001230                vPortExitCritical
 *fill*         0x08001284        0xc 
 .text.PendSV_Handler
                0x08001290       0x68 ./Middleware/ThirdParty/FreeRTOS/Source/portable/GCC/ARM_CM4F/port.o
                0x08001290                PendSV_Handler
 .text.SysTick_Handler
                0x080012f8       0x44 ./Middleware/ThirdParty/FreeRTOS/Source/portable/GCC/ARM_CM4F/port.o
                0x080012f8                SysTick_Handler
 .text.vPortSetupTimerInterrupt
                0x0800133c       0x48 ./Middleware/ThirdParty/FreeRTOS/Source/portable/GCC/ARM_CM4F/port.o
                0x0800133c                vPortSetupTimerInterrupt
 .text.vPortEnableVFP
                0x08001384       0x18 ./Middleware/ThirdParty/FreeRTOS/Source/portable/GCC/ARM_CM4F/port.o
 .text.pvPortMalloc
                0x0800139c      0x178 ./Middleware/ThirdParty/FreeRTOS/Source/portable/MemMang/heap_4.o
                0x0800139c                pvPortMalloc
 .text.vPortFree
                0x08001514       0xb4 ./Middleware/ThirdParty/FreeRTOS/Source/portable/MemMang/heap_4.o
                0x08001514                vPortFree
 .text.prvHeapInit
                0x080015c8       0xb8 ./Middleware/ThirdParty/FreeRTOS/Source/portable/MemMang/heap_4.o
 .text.prvInsertBlockIntoFreeList
                0x08001680       0xb4 ./Middleware/ThirdParty/FreeRTOS/Source/portable/MemMang/heap_4.o
 .text.Reset_Handler
                0x08001734       0x50 ./Startup/startup_stm32f407igtx.o
                0x08001734                Reset_Handler
 .text.Default_Handler
                0x08001784        0x2 ./Startup/startup_stm32f407igtx.o
                0x08001784                RTC_Alarm_IRQHandler
                0x08001784                HASH_RNG_IRQHandler
                0x08001784                EXTI2_IRQHandler
                0x08001784                TIM8_CC_IRQHandler
                0x08001784                DebugMon_Handler
                0x08001784                TIM1_CC_IRQHandler
                0x08001784                DMA2_Stream5_IRQHandler
                0x08001784                HardFault_Handler
                0x08001784                DMA1_Stream5_IRQHandler
                0x08001784                PVD_IRQHandler
                0x08001784                SDIO_IRQHandler
                0x08001784                TAMP_STAMP_IRQHandler
                0x08001784                NMI_Handler
                0x08001784                CAN2_RX1_IRQHandler
                0x08001784                EXTI3_IRQHandler
                0x08001784                TIM8_TRG_COM_TIM14_IRQHandler
                0x08001784                TIM1_UP_TIM10_IRQHandler
                0x08001784                TIM8_UP_TIM13_IRQHandler
                0x08001784                I2C3_ER_IRQHandler
                0x08001784                EXTI0_IRQHandler
                0x08001784                I2C2_EV_IRQHandler
                0x08001784                DMA1_Stream2_IRQHandler
                0x08001784                CAN1_RX0_IRQHandler
                0x08001784                FPU_IRQHandler
                0x08001784                OTG_HS_WKUP_IRQHandler
                0x08001784                UsageFault_Handler
                0x08001784                CAN2_SCE_IRQHandler
                0x08001784                DMA2_Stream2_IRQHandler
                0x08001784                SPI1_IRQHandler
                0x08001784                TIM6_DAC_IRQHandler
                0x08001784                TIM1_BRK_TIM9_IRQHandler
                0x08001784                DCMI_IRQHandler
                0x08001784                CAN2_RX0_IRQHandler
                0x08001784                DMA2_Stream3_IRQHandler
                0x08001784                USART6_IRQHandler
                0x08001784                USART3_IRQHandler
                0x08001784                CRYP_IRQHandler
                0x08001784                CAN1_RX1_IRQHandler
                0x08001784                UART5_IRQHandler
                0x08001784                DMA2_Stream0_IRQHandler
                0x08001784                TIM4_IRQHandler
                0x08001784                I2C1_EV_IRQHandler
                0x08001784                DMA1_Stream6_IRQHandler
                0x08001784                DMA1_Stream1_IRQHandler
                0x08001784                UART4_IRQHandler
                0x08001784                TIM3_IRQHandler
                0x08001784                RCC_IRQHandler
                0x08001784                TIM8_BRK_TIM12_IRQHandler
                0x08001784                Default_Handler
                0x08001784                EXTI15_10_IRQHandler
                0x08001784                ADC_IRQHandler
                0x08001784                DMA1_Stream7_IRQHandler
                0x08001784                TIM7_IRQHandler
                0x08001784                CAN2_TX_IRQHandler
                0x08001784                TIM5_IRQHandler
                0x08001784                DMA2_Stream7_IRQHandler
                0x08001784                I2C3_EV_IRQHandler
                0x08001784                EXTI9_5_IRQHandler
                0x08001784                RTC_WKUP_IRQHandler
                0x08001784                ETH_WKUP_IRQHandler
                0x08001784                SPI2_IRQHandler
                0x08001784                OTG_HS_EP1_IN_IRQHandler
                0x08001784                MemManage_Handler
                0x08001784                DMA1_Stream0_IRQHandler
                0x08001784                CAN1_TX_IRQHandler
                0x08001784                EXTI4_IRQHandler
                0x08001784                FSMC_IRQHandler
                0x08001784                ETH_IRQHandler
                0x08001784                OTG_HS_EP1_OUT_IRQHandler
                0x08001784                WWDG_IRQHandler
                0x08001784                TIM2_IRQHandler
                0x08001784                OTG_FS_WKUP_IRQHandler
                0x08001784                TIM1_TRG_COM_TIM11_IRQHandler
                0x08001784                OTG_HS_IRQHandler
                0x08001784                EXTI1_IRQHandler
                0x08001784                USART2_IRQHandler
                0x08001784                I2C2_ER_IRQHandler
                0x08001784                DMA2_Stream1_IRQHandler
                0x08001784                CAN1_SCE_IRQHandler
                0x08001784                DMA2_Stream4_IRQHandler
                0x08001784                BusFault_Handler
                0x08001784                USART1_IRQHandler
                0x08001784                OTG_FS_IRQHandler
                0x08001784                SPI3_IRQHandler
                0x08001784                DMA1_Stream4_IRQHandler
                0x08001784                I2C1_ER_IRQHandler
                0x08001784                DMA2_Stream6_IRQHandler
                0x08001784                DMA1_Stream3_IRQHandler
 .text.memset   0x08001786       0x10 C:/ST/STM32CubeIDE_2.1.0/STM32CubeIDE/plugins/com.st.stm32cube.ide.mcu.externaltools.gnu-tools-for-stm32.14.3.rel1.win32_1.0.100.202602081740/tools/bin/../lib/gcc/arm-none-eabi/14.3.1/../../../../arm-none-eabi/lib/thumb/v7e-m+fp/hard\libc_nano.a(libc_a-memset.o)
                0x08001786                memset
 *fill*         0x08001796        0x2 
 .text.__libc_init_array
                0x08001798       0x48 C:/ST/STM32CubeIDE_2.1.0/STM32CubeIDE/plugins/com.st.stm32cube.ide.mcu.externaltools.gnu-tools-for-stm32.14.3.rel1.win32_1.0.100.202602081740/tools/bin/../lib/gcc/arm-none-eabi/14.3.1/../../../../arm-none-eabi/lib/thumb/v7e-m+fp/hard\libc_nano.a(libc_a-init.o)
                0x08001798                __libc_init_array
 *(.glue_7)
 .glue_7        0x080017e0        0x0 linker stubs
 *(.glue_7t)
 .glue_7t       0x080017e0        0x0 linker stubs
 *(.eh_frame)
 .eh_frame      0x080017e0        0x0 C:/ST/STM32CubeIDE_2.1.0/STM32CubeIDE/plugins/com.st.stm32cube.ide.mcu.externaltools.gnu-tools-for-stm32.14.3.rel1.win32_1.0.100.202602081740/tools/bin/../lib/gcc/arm-none-eabi/14.3.1/thumb/v7e-m+fp/hard/crtbegin.o
 *(.init)
 .init          0x080017e0        0x4 C:/ST/STM32CubeIDE_2.1.0/STM32CubeIDE/plugins/com.st.stm32cube.ide.mcu.externaltools.gnu-tools-for-stm32.14.3.rel1.win32_1.0.100.202602081740/tools/bin/../lib/gcc/arm-none-eabi/14.3.1/thumb/v7e-m+fp/hard/crti.o
                0x080017e0                _init
 .init          0x080017e4        0x8 C:/ST/STM32CubeIDE_2.1.0/STM32CubeIDE/plugins/com.st.stm32cube.ide.mcu.externaltools.gnu-tools-for-stm32.14.3.rel1.win32_1.0.100.202602081740/tools/bin/../lib/gcc/arm-none-eabi/14.3.1/thumb/v7e-m+fp/hard/crtn.o
 *(.fini)
 .fini          0x080017ec        0x4 C:/ST/STM32CubeIDE_2.1.0/STM32CubeIDE/plugins/com.st.stm32cube.ide.mcu.externaltools.gnu-tools-for-stm32.14.3.rel1.win32_1.0.100.202602081740/tools/bin/../lib/gcc/arm-none-eabi/14.3.1/thumb/v7e-m+fp/hard/crti.o
                0x080017ec                _fini
 .fini          0x080017f0        0x8 C:/ST/STM32CubeIDE_2.1.0/STM32CubeIDE/plugins/com.st.stm32cube.ide.mcu.externaltools.gnu-tools-for-stm32.14.3.rel1.win32_1.0.100.202602081740/tools/bin/../lib/gcc/arm-none-eabi/14.3.1/thumb/v7e-m+fp/hard/crtn.o
                0x080017f8                        . = ALIGN (0x4)
                0x080017f8                        _etext = .

.vfp11_veneer   0x080017f8        0x0
 .vfp11_veneer  0x080017f8        0x0 linker stubs

.v4_bx          0x080017f8        0x0
 .v4_bx         0x080017f8        0x0 linker stubs

.iplt           0x080017f8        0x0
 .iplt          0x080017f8        0x0 C:/ST/STM32CubeIDE_2.1.0/STM32CubeIDE/plugins/com.st.stm32cube.ide.mcu.externaltools.gnu-tools-for-stm32.14.3.rel1.win32_1.0.100.202602081740/tools/bin/../lib/gcc/arm-none-eabi/14.3.1/thumb/v7e-m+fp/hard/crtbegin.o

.rodata         0x080017f8       0x2c
                0x080017f8                        . = ALIGN (0x4)
 *(.rodata)
 .rodata        0x080017f8        0xd ./Core/Src/main.o
 *fill*         0x08001805        0x3 
 .rodata        0x08001808        0x5 ./Middleware/ThirdParty/FreeRTOS/Source/tasks.o
 *(.rodata*)
 *fill*         0x0800180d        0x3 
 .rodata.AHBPrescTable
                0x08001810       0x10 ./Core/Src/system_stm32f4xx.o
                0x08001810                AHBPrescTable
 .rodata.uxTopUsedPriority
                0x08001820        0x4 ./Middleware/ThirdParty/FreeRTOS/Source/tasks.o
                0x08001820                uxTopUsedPriority
                0x08001824                        . = ALIGN (0x4)

.ARM.extab      0x08001824        0x0
                0x08001824                        . = ALIGN (0x4)
 *(.ARM.extab* .gnu.linkonce.armextab.*)
                0x08001824                        . = ALIGN (0x4)

.ARM            0x08001824        0x0
                0x08001824                        . = ALIGN (0x4)
                0x08001824                        __exidx_start = .
 *(.ARM.exidx*)
                0x08001824                        __exidx_end = .
                0x08001824                        . = ALIGN (0x4)

.preinit_array  0x08001824        0x0
                0x08001824                        . = ALIGN (0x4)
                0x08001824                        PROVIDE (__preinit_array_start = .)
 *(.preinit_array*)
                0x08001824                        PROVIDE (__preinit_array_end = .)
                0x08001824                        . = ALIGN (0x4)

.init_array     0x08001824        0x4
                0x08001824                        . = ALIGN (0x4)
                0x08001824                        PROVIDE (__init_array_start = .)
 *(SORT_BY_NAME(.init_array.*))
 *(.init_array*)
 .init_array    0x08001824        0x4 C:/ST/STM32CubeIDE_2.1.0/STM32CubeIDE/plugins/com.st.stm32cube.ide.mcu.externaltools.gnu-tools-for-stm32.14.3.rel1.win32_1.0.100.202602081740/tools/bin/../lib/gcc/arm-none-eabi/14.3.1/thumb/v7e-m+fp/hard/crtbegin.o
                0x08001828                        PROVIDE (__init_array_end = .)
                0x08001828                        . = ALIGN (0x4)

.fini_array     0x08001828        0x4
                0x08001828                        . = ALIGN (0x4)
                [!provide]                        PROVIDE (__fini_array_start = .)
 *(SORT_BY_NAME(.fini_array.*))
 *(.fini_array*)
 .fini_array    0x08001828        0x4 C:/ST/STM32CubeIDE_2.1.0/STM32CubeIDE/plugins/com.st.stm32cube.ide.mcu.externaltools.gnu-tools-for-stm32.14.3.rel1.win32_1.0.100.202602081740/tools/bin/../lib/gcc/arm-none-eabi/14.3.1/thumb/v7e-m+fp/hard/crtbegin.o
                [!provide]                        PROVIDE (__fini_array_end = .)
                0x0800182c                        . = ALIGN (0x4)
                0x0800182c                        _sidata = LOADADDR (.data)

.rel.dyn        0x0800182c        0x0
 .rel.iplt      0x0800182c        0x0 C:/ST/STM32CubeIDE_2.1.0/STM32CubeIDE/plugins/com.st.stm32cube.ide.mcu.externaltools.gnu-tools-for-stm32.14.3.rel1.win32_1.0.100.202602081740/tools/bin/../lib/gcc/arm-none-eabi/14.3.1/thumb/v7e-m+fp/hard/crtbegin.o

.data           0x20000000        0x8 load address 0x0800182c
                0x20000000                        . = ALIGN (0x4)
                0x20000000                        _sdata = .
 *(.data)
 *(.data*)
 .data.SystemCoreClock
                0x20000000        0x4 ./Core/Src/system_stm32f4xx.o
                0x20000000                SystemCoreClock
 .data.uxCriticalNesting
                0x20000004        0x4 ./Middleware/ThirdParty/FreeRTOS/Source/portable/GCC/ARM_CM4F/port.o
 *(.RamFunc)
 *(.RamFunc*)
                0x20000008                        . = ALIGN (0x4)
                0x20000008                        _edata = .
                0x08001834                        _siccmram = LOADADDR (.ccmram)

.igot.plt       0x20000008        0x0 load address 0x08001834
 .igot.plt      0x20000008        0x0 C:/ST/STM32CubeIDE_2.1.0/STM32CubeIDE/plugins/com.st.stm32cube.ide.mcu.externaltools.gnu-tools-for-stm32.14.3.rel1.win32_1.0.100.202602081740/tools/bin/../lib/gcc/arm-none-eabi/14.3.1/thumb/v7e-m+fp/hard/crtbegin.o

.ccmram         0x10000000        0x0 load address 0x08001834
                0x10000000                        . = ALIGN (0x4)
                0x10000000                        _sccmram = .
 *(.ccmram)
 *(.ccmram*)
                0x10000000                        . = ALIGN (0x4)
                0x10000000                        _eccmram = .
                0x10000000                        . = ALIGN (0x4)

.bss            0x20000008     0x3d6c
                0x20000008                        _sbss = .
                0x20000008                        __bss_start__ = _sbss
 *(.bss)
 .bss           0x20000008       0x1c C:/ST/STM32CubeIDE_2.1.0/STM32CubeIDE/plugins/com.st.stm32cube.ide.mcu.externaltools.gnu-tools-for-stm32.14.3.rel1.win32_1.0.100.202602081740/tools/bin/../lib/gcc/arm-none-eabi/14.3.1/thumb/v7e-m+fp/hard/crtbegin.o
 *(.bss*)
 .bss.pxCurrentTCB
                0x20000024        0x4 ./Middleware/ThirdParty/FreeRTOS/Source/tasks.o
                0x20000024                pxCurrentTCB
 .bss.pxReadyTasksLists
                0x20000028       0x8c ./Middleware/ThirdParty/FreeRTOS/Source/tasks.o
 .bss.xDelayedTaskList1
                0x200000b4       0x14 ./Middleware/ThirdParty/FreeRTOS/Source/tasks.o
 .bss.xDelayedTaskList2
                0x200000c8       0x14 ./Middleware/ThirdParty/FreeRTOS/Source/tasks.o
 .bss.pxDelayedTaskList
                0x200000dc        0x4 ./Middleware/ThirdParty/FreeRTOS/Source/tasks.o
 .bss.pxOverflowDelayedTaskList
                0x200000e0        0x4 ./Middleware/ThirdParty/FreeRTOS/Source/tasks.o
 .bss.xPendingReadyList
                0x200000e4       0x14 ./Middleware/ThirdParty/FreeRTOS/Source/tasks.o
 .bss.xTasksWaitingTermination
                0x200000f8       0x14 ./Middleware/ThirdParty/FreeRTOS/Source/tasks.o
 .bss.uxDeletedTasksWaitingCleanUp
                0x2000010c        0x4 ./Middleware/ThirdParty/FreeRTOS/Source/tasks.o
 .bss.xSuspendedTaskList
                0x20000110       0x14 ./Middleware/ThirdParty/FreeRTOS/Source/tasks.o
 .bss.uxCurrentNumberOfTasks
                0x20000124        0x4 ./Middleware/ThirdParty/FreeRTOS/Source/tasks.o
 .bss.xTickCount
                0x20000128        0x4 ./Middleware/ThirdParty/FreeRTOS/Source/tasks.o
 .bss.uxTopReadyPriority
                0x2000012c        0x4 ./Middleware/ThirdParty/FreeRTOS/Source/tasks.o
 .bss.xSchedulerRunning
                0x20000130        0x4 ./Middleware/ThirdParty/FreeRTOS/Source/tasks.o
 .bss.xPendedTicks
                0x20000134        0x4 ./Middleware/ThirdParty/FreeRTOS/Source/tasks.o
 .bss.xYieldPending
                0x20000138        0x4 ./Middleware/ThirdParty/FreeRTOS/Source/tasks.o
 .bss.xNumOfOverflows
                0x2000013c        0x4 ./Middleware/ThirdParty/FreeRTOS/Source/tasks.o
 .bss.uxTaskNumber
                0x20000140        0x4 ./Middleware/ThirdParty/FreeRTOS/Source/tasks.o
 .bss.xNextTaskUnblockTime
                0x20000144        0x4 ./Middleware/ThirdParty/FreeRTOS/Source/tasks.o
 .bss.xIdleTaskHandle
                0x20000148        0x4 ./Middleware/ThirdParty/FreeRTOS/Source/tasks.o
 .bss.uxSchedulerSuspended
                0x2000014c        0x4 ./Middleware/ThirdParty/FreeRTOS/Source/tasks.o
 .bss.ucMaxSysCallPriority
                0x20000150        0x1 ./Middleware/ThirdParty/FreeRTOS/Source/portable/GCC/ARM_CM4F/port.o
 *fill*         0x20000151        0x3 
 .bss.ulMaxPRIGROUPValue
                0x20000154        0x4 ./Middleware/ThirdParty/FreeRTOS/Source/portable/GCC/ARM_CM4F/port.o
 .bss.ucHeap    0x20000158     0x3c00 ./Middleware/ThirdParty/FreeRTOS/Source/portable/MemMang/heap_4.o
 .bss.xStart    0x20003d58        0x8 ./Middleware/ThirdParty/FreeRTOS/Source/portable/MemMang/heap_4.o
 .bss.pxEnd     0x20003d60        0x4 ./Middleware/ThirdParty/FreeRTOS/Source/portable/MemMang/heap_4.o
 .bss.xFreeBytesRemaining
                0x20003d64        0x4 ./Middleware/ThirdParty/FreeRTOS/Source/portable/MemMang/heap_4.o
 .bss.xMinimumEverFreeBytesRemaining
                0x20003d68        0x4 ./Middleware/ThirdParty/FreeRTOS/Source/portable/MemMang/heap_4.o
 .bss.xNumberOfSuccessfulAllocations
                0x20003d6c        0x4 ./Middleware/ThirdParty/FreeRTOS/Source/portable/MemMang/heap_4.o
 .bss.xNumberOfSuccessfulFrees
                0x20003d70        0x4 ./Middleware/ThirdParty/FreeRTOS/Source/portable/MemMang/heap_4.o
 *(COMMON)
                0x20003d74                        . = ALIGN (0x4)
                0x20003d74                        _ebss = .
                0x20003d74                        __bss_end__ = _ebss

._user_heap_stack
                0x20003d74      0x604
                0x20003d78                        . = ALIGN (0x8)
 *fill*         0x20003d74        0x4 
                [!provide]                        PROVIDE (end = .)
                0x20003d78                        PROVIDE (_end = .)
                0x20003f78                        . = (. + _Min_Heap_Size)
 *fill*         0x20003d78      0x200 
                0x20004378                        . = (. + _Min_Stack_Size)
 *fill*         0x20003f78      0x400 
                0x20004378                        . = ALIGN (0x8)

/DISCARD/
 libc.a(*)
 libm.a(*)
 libgcc.a(*)

.ARM.attributes
                0x00000000       0x30
 *(.ARM.attributes)
 .ARM.attributes
                0x00000000       0x22 C:/ST/STM32CubeIDE_2.1.0/STM32CubeIDE/plugins/com.st.stm32cube.ide.mcu.externaltools.gnu-tools-for-stm32.14.3.rel1.win32_1.0.100.202602081740/tools/bin/../lib/gcc/arm-none-eabi/14.3.1/thumb/v7e-m+fp/hard/crti.o
 .ARM.attributes
                0x00000022       0x34 C:/ST/STM32CubeIDE_2.1.0/STM32CubeIDE/plugins/com.st.stm32cube.ide.mcu.externaltools.gnu-tools-for-stm32.14.3.rel1.win32_1.0.100.202602081740/tools/bin/../lib/gcc/arm-none-eabi/14.3.1/thumb/v7e-m+fp/hard/crtbegin.o
 .ARM.attributes
                0x00000056       0x34 ./Core/Src/main.o
 .ARM.attributes
                0x0000008a       0x34 ./Core/Src/system_stm32f4xx.o
 .ARM.attributes
                0x000000be       0x34 ./Middleware/ThirdParty/FreeRTOS/Source/list.o
 .ARM.attributes
                0x000000f2       0x34 ./Middleware/ThirdParty/FreeRTOS/Source/tasks.o
 .ARM.attributes
                0x00000126       0x34 ./Middleware/ThirdParty/FreeRTOS/Source/portable/GCC/ARM_CM4F/port.o
 .ARM.attributes
                0x0000015a       0x34 ./Middleware/ThirdParty/FreeRTOS/Source/portable/MemMang/heap_4.o
 .ARM.attributes
                0x0000018e       0x21 ./Startup/startup_stm32f407igtx.o
 .ARM.attributes
                0x000001af       0x34 C:/ST/STM32CubeIDE_2.1.0/STM32CubeIDE/plugins/com.st.stm32cube.ide.mcu.externaltools.gnu-tools-for-stm32.14.3.rel1.win32_1.0.100.202602081740/tools/bin/../lib/gcc/arm-none-eabi/14.3.1/../../../../arm-none-eabi/lib/thumb/v7e-m+fp/hard\libc_nano.a(libc_a-memset.o)
 .ARM.attributes
                0x000001e3       0x34 C:/ST/STM32CubeIDE_2.1.0/STM32CubeIDE/plugins/com.st.stm32cube.ide.mcu.externaltools.gnu-tools-for-stm32.14.3.rel1.win32_1.0.100.202602081740/tools/bin/../lib/gcc/arm-none-eabi/14.3.1/../../../../arm-none-eabi/lib/thumb/v7e-m+fp/hard\libc_nano.a(libc_a-init.o)
 .ARM.attributes
                0x00000217       0x22 C:/ST/STM32CubeIDE_2.1.0/STM32CubeIDE/plugins/com.st.stm32cube.ide.mcu.externaltools.gnu-tools-for-stm32.14.3.rel1.win32_1.0.100.202602081740/tools/bin/../lib/gcc/arm-none-eabi/14.3.1/thumb/v7e-m+fp/hard/crtn.o
OUTPUT(rtos_project.elf elf32-littlearm)
LOAD linker stubs
LOAD C:/ST/STM32CubeIDE_2.1.0/STM32CubeIDE/plugins/com.st.stm32cube.ide.mcu.externaltools.gnu-tools-for-stm32.14.3.rel1.win32_1.0.100.202602081740/tools/bin/../lib/gcc/arm-none-eabi/14.3.1/../../../../arm-none-eabi/lib/thumb/v7e-m+fp/hard\libc.a
LOAD C:/ST/STM32CubeIDE_2.1.0/STM32CubeIDE/plugins/com.st.stm32cube.ide.mcu.externaltools.gnu-tools-for-stm32.14.3.rel1.win32_1.0.100.202602081740/tools/bin/../lib/gcc/arm-none-eabi/14.3.1/../../../../arm-none-eabi/lib/thumb/v7e-m+fp/hard\libm.a
LOAD C:/ST/STM32CubeIDE_2.1.0/STM32CubeIDE/plugins/com.st.stm32cube.ide.mcu.externaltools.gnu-tools-for-stm32.14.3.rel1.win32_1.0.100.202602081740/tools/bin/../lib/gcc/arm-none-eabi/14.3.1/thumb/v7e-m+fp/hard\libgcc.a

.debug_info     0x00000000     0x3763
 .debug_info    0x00000000      0x1f0 ./Core/Src/main.o
 .debug_info    0x000001f0      0x50b ./Core/Src/system_stm32f4xx.o
 .debug_info    0x000006fb      0x2af ./Middleware/ThirdParty/FreeRTOS/Source/list.o
 .debug_info    0x000009aa     0x2387 ./Middleware/ThirdParty/FreeRTOS/Source/tasks.o
 .debug_info    0x00002d31      0x4e1 ./Middleware/ThirdParty/FreeRTOS/Source/portable/GCC/ARM_CM4F/port.o
 .debug_info    0x00003212      0x521 ./Middleware/ThirdParty/FreeRTOS/Source/portable/MemMang/heap_4.o
 .debug_info    0x00003733       0x30 ./Startup/startup_stm32f407igtx.o

.debug_abbrev   0x00000000      0xb8b
 .debug_abbrev  0x00000000      0x13f ./Core/Src/main.o
 .debug_abbrev  0x0000013f      0x11a ./Core/Src/system_stm32f4xx.o
 .debug_abbrev  0x00000259       0xf5 ./Middleware/ThirdParty/FreeRTOS/Source/list.o
 .debug_abbrev  0x0000034e      0x369 ./Middleware/ThirdParty/FreeRTOS/Source/tasks.o
 .debug_abbrev  0x000006b7      0x25a ./Middleware/ThirdParty/FreeRTOS/Source/portable/GCC/ARM_CM4F/port.o
 .debug_abbrev  0x00000911      0x256 ./Middleware/ThirdParty/FreeRTOS/Source/portable/MemMang/heap_4.o
 .debug_abbrev  0x00000b67       0x24 ./Startup/startup_stm32f407igtx.o

.debug_aranges  0x00000000      0x390
 .debug_aranges
                0x00000000       0x30 ./Core/Src/main.o
 .debug_aranges
                0x00000030       0x28 ./Core/Src/system_stm32f4xx.o
 .debug_aranges
                0x00000058       0x40 ./Middleware/ThirdParty/FreeRTOS/Source/list.o
 .debug_aranges
                0x00000098      0x1f0 ./Middleware/ThirdParty/FreeRTOS/Source/tasks.o
 .debug_aranges
                0x00000288       0x80 ./Middleware/ThirdParty/FreeRTOS/Source/portable/GCC/ARM_CM4F/port.o
 .debug_aranges
                0x00000308       0x60 ./Middleware/ThirdParty/FreeRTOS/Source/portable/MemMang/heap_4.o
 .debug_aranges
                0x00000368       0x28 ./Startup/startup_stm32f407igtx.o

.debug_rnglists
                0x00000000      0x2b0
 .debug_rnglists
                0x00000000       0x1f ./Core/Src/main.o
 .debug_rnglists
                0x0000001f       0x1a ./Core/Src/system_stm32f4xx.o
 .debug_rnglists
                0x00000039       0x2b ./Middleware/ThirdParty/FreeRTOS/Source/list.o
 .debug_rnglists
                0x00000064      0x18e ./Middleware/ThirdParty/FreeRTOS/Source/tasks.o
 .debug_rnglists
                0x000001f2       0x5d ./Middleware/ThirdParty/FreeRTOS/Source/portable/GCC/ARM_CM4F/port.o
 .debug_rnglists
                0x0000024f       0x48 ./Middleware/ThirdParty/FreeRTOS/Source/portable/MemMang/heap_4.o
 .debug_rnglists
                0x00000297       0x19 ./Startup/startup_stm32f407igtx.o

.debug_macro    0x00000000    0x1975a
 .debug_macro   0x00000000      0x159 ./Core/Src/main.o
 .debug_macro   0x00000159      0xad2 ./Core/Src/main.o
 .debug_macro   0x00000c2b       0x2e ./Core/Src/main.o
 .debug_macro   0x00000c59       0x2f ./Core/Src/main.o
 .debug_macro   0x00000c88       0x22 ./Core/Src/main.o
 .debug_macro   0x00000caa       0x8e ./Core/Src/main.o
 .debug_macro   0x00000d38       0x51 ./Core/Src/main.o
 .debug_macro   0x00000d89      0x103 ./Core/Src/main.o
 .debug_macro   0x00000e8c       0x6a ./Core/Src/main.o
 .debug_macro   0x00000ef6      0x1df ./Core/Src/main.o
 .debug_macro   0x000010d5       0x1c ./Core/Src/main.o
 .debug_macro   0x000010f1       0x22 ./Core/Src/main.o
 .debug_macro   0x00001113       0xfb ./Core/Src/main.o
 .debug_macro   0x0000120e     0x1011 ./Core/Src/main.o
 .debug_macro   0x0000221f      0x11f ./Core/Src/main.o
 .debug_macro   0x0000233e    0x15e97 ./Core/Src/main.o
 .debug_macro   0x000181d5       0x6d ./Core/Src/main.o
 .debug_macro   0x00018242      0x120 ./Core/Src/main.o
 .debug_macro   0x00018362      0x190 ./Core/Src/main.o
 .debug_macro   0x000184f2      0x15a ./Core/Src/main.o
 .debug_macro   0x0001864c       0xea ./Core/Src/main.o
 .debug_macro   0x00018736       0x28 ./Core/Src/main.o
 .debug_macro   0x0001875e       0x1f ./Core/Src/main.o
 .debug_macro   0x0001877d       0x12 ./Core/Src/main.o
 .debug_macro   0x0001878f      0x511 ./Core/Src/main.o
 .debug_macro   0x00018ca0       0xc3 ./Core/Src/main.o
 .debug_macro   0x00018d63      0x120 ./Core/Src/main.o
 .debug_macro   0x00018e83       0x10 ./Core/Src/main.o
 .debug_macro   0x00018e93       0xda ./Core/Src/system_stm32f4xx.o
 .debug_macro   0x00018f6d      0x198 ./Middleware/ThirdParty/FreeRTOS/Source/list.o
 .debug_macro   0x00019105      0x27e ./Middleware/ThirdParty/FreeRTOS/Source/tasks.o
 .debug_macro   0x00019383       0x17 ./Middleware/ThirdParty/FreeRTOS/Source/tasks.o
 .debug_macro   0x0001939a      0x1a7 ./Middleware/ThirdParty/FreeRTOS/Source/portable/GCC/ARM_CM4F/port.o
 .debug_macro   0x00019541      0x219 ./Middleware/ThirdParty/FreeRTOS/Source/portable/MemMang/heap_4.o

.debug_line     0x00000000     0x454c
 .debug_line    0x00000000      0x6f8 ./Core/Src/main.o
 .debug_line    0x000006f8      0x59c ./Core/Src/system_stm32f4xx.o
 .debug_line    0x00000c94      0x80d ./Middleware/ThirdParty/FreeRTOS/Source/list.o
 .debug_line    0x000014a1     0x1ce9 ./Middleware/ThirdParty/FreeRTOS/Source/tasks.o
 .debug_line    0x0000318a      0x8cb ./Middleware/ThirdParty/FreeRTOS/Source/portable/GCC/ARM_CM4F/port.o
 .debug_line    0x00003a55      0xa7c ./Middleware/ThirdParty/FreeRTOS/Source/portable/MemMang/heap_4.o
 .debug_line    0x000044d1       0x7b ./Startup/startup_stm32f407igtx.o

.debug_str      0x00000000    0x93768
 .debug_str     0x00000000    0x93768 ./Core/Src/main.o
                              0x8d84e (size before relaxing)
 .debug_str     0x00093768    0x885fc ./Core/Src/system_stm32f4xx.o
 .debug_str     0x00093768     0xb1ed ./Middleware/ThirdParty/FreeRTOS/Source/list.o
 .debug_str     0x00093768     0xe2c3 ./Middleware/ThirdParty/FreeRTOS/Source/tasks.o
 .debug_str     0x00093768     0x9a07 ./Middleware/ThirdParty/FreeRTOS/Source/portable/GCC/ARM_CM4F/port.o
 .debug_str     0x00093768     0xca17 ./Middleware/ThirdParty/FreeRTOS/Source/portable/MemMang/heap_4.o
 .debug_str     0x00093768       0x72 ./Startup/startup_stm32f407igtx.o

.comment        0x00000000       0x43
 .comment       0x00000000       0x43 ./Core/Src/main.o
                                 0x44 (size before relaxing)
 .comment       0x00000043       0x44 ./Core/Src/system_stm32f4xx.o
 .comment       0x00000043       0x44 ./Middleware/ThirdParty/FreeRTOS/Source/list.o
 .comment       0x00000043       0x44 ./Middleware/ThirdParty/FreeRTOS/Source/tasks.o
 .comment       0x00000043       0x44 ./Middleware/ThirdParty/FreeRTOS/Source/portable/GCC/ARM_CM4F/port.o
 .comment       0x00000043       0x44 ./Middleware/ThirdParty/FreeRTOS/Source/portable/MemMang/heap_4.o

.debug_frame    0x00000000      0xcd8
 .debug_frame   0x00000000       0x74 ./Core/Src/main.o
 .debug_frame   0x00000074       0x50 ./Core/Src/system_stm32f4xx.o
 .debug_frame   0x000000c4       0xc4 ./Middleware/ThirdParty/FreeRTOS/Source/list.o
 .debug_frame   0x00000188      0x83c ./Middleware/ThirdParty/FreeRTOS/Source/tasks.o
 .debug_frame   0x000009c4      0x18c ./Middleware/ThirdParty/FreeRTOS/Source/portable/GCC/ARM_CM4F/port.o
 .debug_frame   0x00000b50      0x13c ./Middleware/ThirdParty/FreeRTOS/Source/portable/MemMang/heap_4.o
 .debug_frame   0x00000c8c       0x20 C:/ST/STM32CubeIDE_2.1.0/STM32CubeIDE/plugins/com.st.stm32cube.ide.mcu.externaltools.gnu-tools-for-stm32.14.3.rel1.win32_1.0.100.202602081740/tools/bin/../lib/gcc/arm-none-eabi/14.3.1/../../../../arm-none-eabi/lib/thumb/v7e-m+fp/hard\libc_nano.a(libc_a-memset.o)
 .debug_frame   0x00000cac       0x2c C:/ST/STM32CubeIDE_2.1.0/STM32CubeIDE/plugins/com.st.stm32cube.ide.mcu.externaltools.gnu-tools-for-stm32.14.3.rel1.win32_1.0.100.202602081740/tools/bin/../lib/gcc/arm-none-eabi/14.3.1/../../../../arm-none-eabi/lib/thumb/v7e-m+fp/hard\libc_nano.a(libc_a-init.o)

.debug_line_str
                0x00000000       0x56
 .debug_line_str
                0x00000000       0x56 ./Startup/startup_stm32f407igtx.o
